node.exe : npm warn Expanding --ci to --cidr. This will stop working in the next major version of npm.
At C:\Users\rayma\AppData\Roaming\npm\npm.ps1:24 char:5
+     & "node$exe"  "$basedir/node_modules/npm/bin/npm-cli.js" $args
+     ~~~~~~~~~~~~~~~~~~~~~~~~~~~~~~~~~~~~~~~~~~~~~~~~~~~~~~~~~~~~~~
    + CategoryInfo          : NotSpecified: (npm warn Expand...version of npm.:String) [], RemoteException
    + FullyQualifiedErrorId : NativeCommandError
 

> theramate@0.0.0 test:unit
> jest --config jest.config.cjs --passWithNoTests

ts-jest[config] (WARN) [94mmessage[0m[90m TS151001: [0mIf you have issues related to imports, you should consider 
setting `esModuleInterop` to `true` in your TypeScript configuration file (usually `tsconfig.json`). See https://blogs.
msdn.microsoft.com/typescript/2018/01/31/announcing-typescript-2-7/#easier-ecmascript-module-interoperability for more 
information.
ts-jest[config] (WARN) [94mmessage[0m[90m TS151001: [0mIf you have issues related to imports, you should consider 
setting `esModuleInterop` to `true` in your TypeScript configuration file (usually `tsconfig.json`). See https://blogs.
msdn.microsoft.com/typescript/2018/01/31/announcing-typescript-2-7/#easier-ecmascript-module-interoperability for more 
information.
ts-jest[config] (WARN) [94mmessage[0m[90m TS151001: [0mIf you have issues related to imports, you should consider 
setting `esModuleInterop` to `true` in your TypeScript configuration file (usually `tsconfig.json`). See https://blogs.
msdn.microsoft.com/typescript/2018/01/31/announcing-typescript-2-7/#easier-ecmascript-module-interoperability for more 
information.
ts-jest[config] (WARN) 
    The "ts-jest" config option "isolatedModules" is deprecated and will be removed in v30.0.0. Please use 
"isolatedModules: true" in C:/Users/rayma/Desktop/New folder/peer-care-connect/tsconfig.json instead, see 
https://www.typescriptlang.org/tsconfig/#isolatedModules
  
ts-jest[config] (WARN) 
    The "ts-jest" config option "isolatedModules" is deprecated and will be removed in v30.0.0. Please use 
"isolatedModules: true" in C:/Users/rayma/Desktop/New folder/peer-care-connect/tsconfig.json instead, see 
https://www.typescriptlang.org/tsconfig/#isolatedModules
  
ts-jest[config] (WARN) 
    The "ts-jest" config option "isolatedModules" is deprecated and will be removed in v30.0.0. Please use 
"isolatedModules: true" in C:/Users/rayma/Desktop/New folder/peer-care-connect/tsconfig.json instead, see 
https://www.typescriptlang.org/tsconfig/#isolatedModules
  
ts-jest[config] (WARN) [94mmessage[0m[90m TS151001: [0mIf you have issues related to imports, you should consider 
setting `esModuleInterop` to `true` in your TypeScript configuration file (usually `tsconfig.json`). See https://blogs.
msdn.microsoft.com/typescript/2018/01/31/announcing-typescript-2-7/#easier-ecmascript-module-interoperability for more 
information.
ts-jest[config] (WARN) [94mmessage[0m[90m TS151001: [0mIf you have issues related to imports, you should consider 
setting `esModuleInterop` to `true` in your TypeScript configuration file (usually `tsconfig.json`). See https://blogs.
msdn.microsoft.com/typescript/2018/01/31/announcing-typescript-2-7/#easier-ecmascript-module-interoperability for more 
information.
ts-jest[config] (WARN) [94mmessage[0m[90m TS151001: [0mIf you have issues related to imports, you should consider 
setting `esModuleInterop` to `true` in your TypeScript configuration file (usually `tsconfig.json`). See https://blogs.
msdn.microsoft.com/typescript/2018/01/31/announcing-typescript-2-7/#easier-ecmascript-module-interoperability for more 
information.
ts-jest[config] (WARN) [94mmessage[0m[90m TS151001: [0mIf you have issues related to imports, you should consider 
setting `esModuleInterop` to `true` in your TypeScript configuration file (usually `tsconfig.json`). See https://blogs.
msdn.microsoft.com/typescript/2018/01/31/announcing-typescript-2-7/#easier-ecmascript-module-interoperability for more 
information.
ts-jest[config] (WARN) [94mmessage[0m[90m TS151001: [0mIf you have issues related to imports, you should consider 
setting `esModuleInterop` to `true` in your TypeScript configuration file (usually `tsconfig.json`). See https://blogs.
msdn.microsoft.com/typescript/2018/01/31/announcing-typescript-2-7/#easier-ecmascript-module-interoperability for more 
information.
ts-jest[config] (WARN) 
    The "ts-jest" config option "isolatedModules" is deprecated and will be removed in v30.0.0. Please use 
"isolatedModules: true" in C:/Users/rayma/Desktop/New folder/peer-care-connect/tsconfig.json instead, see 
https://www.typescriptlang.org/tsconfig/#isolatedModules
  
ts-jest[config] (WARN) [94mmessage[0m[90m TS151001: [0mIf you have issues related to imports, you should consider 
setting `esModuleInterop` to `true` in your TypeScript configuration file (usually `tsconfig.json`). See https://blogs.
msdn.microsoft.com/typescript/2018/01/31/announcing-typescript-2-7/#easier-ecmascript-module-interoperability for more 
information.
ts-jest[config] (WARN) 
    The "ts-jest" config option "isolatedModules" is deprecated and will be removed in v30.0.0. Please use 
"isolatedModules: true" in C:/Users/rayma/Desktop/New folder/peer-care-connect/tsconfig.json instead, see 
https://www.typescriptlang.org/tsconfig/#isolatedModules
  
ts-jest[config] (WARN) [94mmessage[0m[90m TS151001: [0mIf you have issues related to imports, you should consider 
setting `esModuleInterop` to `true` in your TypeScript configuration file (usually `tsconfig.json`). See https://blogs.
msdn.microsoft.com/typescript/2018/01/31/announcing-typescript-2-7/#easier-ecmascript-module-interoperability for more 
information.
ts-jest[config] (WARN) 
    The "ts-jest" config option "isolatedModules" is deprecated and will be removed in v30.0.0. Please use 
"isolatedModules: true" in C:/Users/rayma/Desktop/New folder/peer-care-connect/tsconfig.json instead, see 
https://www.typescriptlang.org/tsconfig/#isolatedModules
  
ts-jest[config] (WARN) 
    The "ts-jest" config option "isolatedModules" is deprecated and will be removed in v30.0.0. Please use 
"isolatedModules: true" in C:/Users/rayma/Desktop/New folder/peer-care-connect/tsconfig.json instead, see 
https://www.typescriptlang.org/tsconfig/#isolatedModules
  
ts-jest[config] (WARN) 
    The "ts-jest" config option "isolatedModules" is deprecated and will be removed in v30.0.0. Please use 
"isolatedModules: true" in C:/Users/rayma/Desktop/New folder/peer-care-connect/tsconfig.json instead, see 
https://www.typescriptlang.org/tsconfig/#isolatedModules
  
ts-jest[config] (WARN) [94mmessage[0m[90m TS151001: [0mIf you have issues related to imports, you should consider 
setting `esModuleInterop` to `true` in your TypeScript configuration file (usually `tsconfig.json`). See https://blogs.
msdn.microsoft.com/typescript/2018/01/31/announcing-typescript-2-7/#easier-ecmascript-module-interoperability for more 
information.
ts-jest[config] (WARN) 
    The "ts-jest" config option "isolatedModules" is deprecated and will be removed in v30.0.0. Please use 
"isolatedModules: true" in C:/Users/rayma/Desktop/New folder/peer-care-connect/tsconfig.json instead, see 
https://www.typescriptlang.org/tsconfig/#isolatedModules
  
ts-jest[config] (WARN) 
    The "ts-jest" config option "isolatedModules" is deprecated and will be removed in v30.0.0. Please use 
"isolatedModules: true" in C:/Users/rayma/Desktop/New folder/peer-care-connect/tsconfig.json instead, see 
https://www.typescriptlang.org/tsconfig/#isolatedModules
  
ts-jest[config] (WARN) 
    The "ts-jest" config option "isolatedModules" is deprecated and will be removed in v30.0.0. Please use 
"isolatedModules: true" in C:/Users/rayma/Desktop/New folder/peer-care-connect/tsconfig.json instead, see 
https://www.typescriptlang.org/tsconfig/#isolatedModules
  
ts-jest[config] (WARN) [94mmessage[0m[90m TS151001: [0mIf you have issues related to imports, you should consider 
setting `esModuleInterop` to `true` in your TypeScript configuration file (usually `tsconfig.json`). See https://blogs.
msdn.microsoft.com/typescript/2018/01/31/announcing-typescript-2-7/#easier-ecmascript-module-interoperability for more 
information.
ts-jest[config] (WARN) [94mmessage[0m[90m TS151001: [0mIf you have issues related to imports, you should consider 
setting `esModuleInterop` to `true` in your TypeScript configuration file (usually `tsconfig.json`). See https://blogs.
msdn.microsoft.com/typescript/2018/01/31/announcing-typescript-2-7/#easier-ecmascript-module-interoperability for more 
information.
ts-jest[config] (WARN) [94mmessage[0m[90m TS151001: [0mIf you have issues related to imports, you should consider 
setting `esModuleInterop` to `true` in your TypeScript configuration file (usually `tsconfig.json`). See https://blogs.
msdn.microsoft.com/typescript/2018/01/31/announcing-typescript-2-7/#easier-ecmascript-module-interoperability for more 
information.
ts-jest[config] (WARN) 
    The "ts-jest" config option "isolatedModules" is deprecated and will be removed in v30.0.0. Please use 
"isolatedModules: true" in C:/Users/rayma/Desktop/New folder/peer-care-connect/tsconfig.json instead, see 
https://www.typescriptlang.org/tsconfig/#isolatedModules
  
ts-jest[config] (WARN) 
    The "ts-jest" config option "isolatedModules" is deprecated and will be removed in v30.0.0. Please use 
"isolatedModules: true" in C:/Users/rayma/Desktop/New folder/peer-care-connect/tsconfig.json instead, see 
https://www.typescriptlang.org/tsconfig/#isolatedModules
  
ts-jest[config] (WARN) [94mmessage[0m[90m TS151001: [0mIf you have issues related to imports, you should consider 
setting `esModuleInterop` to `true` in your TypeScript configuration file (usually `tsconfig.json`). See https://blogs.
msdn.microsoft.com/typescript/2018/01/31/announcing-typescript-2-7/#easier-ecmascript-module-interoperability for more 
information.
ts-jest[config] (WARN) [94mmessage[0m[90m TS151001: [0mIf you have issues related to imports, you should consider 
setting `esModuleInterop` to `true` in your TypeScript configuration file (usually `tsconfig.json`). See https://blogs.
msdn.microsoft.com/typescript/2018/01/31/announcing-typescript-2-7/#easier-ecmascript-module-interoperability for more 
information.
ts-jest[config] (WARN) [94mmessage[0m[90m TS151001: [0mIf you have issues related to imports, you should consider 
setting `esModuleInterop` to `true` in your TypeScript configuration file (usually `tsconfig.json`). See https://blogs.
msdn.microsoft.com/typescript/2018/01/31/announcing-typescript-2-7/#easier-ecmascript-module-interoperability for more 
information.
ts-jest[config] (WARN) 
    The "ts-jest" config option "isolatedModules" is deprecated and will be removed in v30.0.0. Please use 
"isolatedModules: true" in C:/Users/rayma/Desktop/New folder/peer-care-connect/tsconfig.json instead, see 
https://www.typescriptlang.org/tsconfig/#isolatedModules
  
ts-jest[config] (WARN) [94mmessage[0m[90m TS151001: [0mIf you have issues related to imports, you should consider 
setting `esModuleInterop` to `true` in your TypeScript configuration file (usually `tsconfig.json`). See https://blogs.
msdn.microsoft.com/typescript/2018/01/31/announcing-typescript-2-7/#easier-ecmascript-module-interoperability for more 
information.
ts-jest[config] (WARN) 
    The "ts-jest" config option "isolatedModules" is deprecated and will be removed in v30.0.0. Please use 
"isolatedModules: true" in C:/Users/rayma/Desktop/New folder/peer-care-connect/tsconfig.json instead, see 
https://www.typescriptlang.org/tsconfig/#isolatedModules
  
ts-jest[config] (WARN) 
    The "ts-jest" config option "isolatedModules" is deprecated and will be removed in v30.0.0. Please use 
"isolatedModules: true" in C:/Users/rayma/Desktop/New folder/peer-care-connect/tsconfig.json instead, see 
https://www.typescriptlang.org/tsconfig/#isolatedModules
  
ts-jest[config] (WARN) 
    The "ts-jest" config option "isolatedModules" is deprecated and will be removed in v30.0.0. Please use 
"isolatedModules: true" in C:/Users/rayma/Desktop/New folder/peer-care-connect/tsconfig.json instead, see 
https://www.typescriptlang.org/tsconfig/#isolatedModules
  
ts-jest[config] (WARN) 
    The "ts-jest" config option "isolatedModules" is deprecated and will be removed in v30.0.0. Please use 
"isolatedModules: true" in C:/Users/rayma/Desktop/New folder/peer-care-connect/tsconfig.json instead, see 
https://www.typescriptlang.org/tsconfig/#isolatedModules
  
ts-jest[config] (WARN) [94mmessage[0m[90m TS151001: [0mIf you have issues related to imports, you should consider 
setting `esModuleInterop` to `true` in your TypeScript configuration file (usually `tsconfig.json`). See https://blogs.
msdn.microsoft.com/typescript/2018/01/31/announcing-typescript-2-7/#easier-ecmascript-module-interoperability for more 
information.
ts-jest[config] (WARN) 
    The "ts-jest" config option "isolatedModules" is deprecated and will be removed in v30.0.0. Please use 
"isolatedModules: true" in C:/Users/rayma/Desktop/New folder/peer-care-connect/tsconfig.json instead, see 
https://www.typescriptlang.org/tsconfig/#isolatedModules
  
ts-jest[config] (WARN) [94mmessage[0m[90m TS151001: [0mIf you have issues related to imports, you should consider 
setting `esModuleInterop` to `true` in your TypeScript configuration file (usually `tsconfig.json`). See https://blogs.
msdn.microsoft.com/typescript/2018/01/31/announcing-typescript-2-7/#easier-ecmascript-module-interoperability for more 
information.
ts-jest[config] (WARN) 
    The "ts-jest" config option "isolatedModules" is deprecated and will be removed in v30.0.0. Please use 
"isolatedModules: true" in C:/Users/rayma/Desktop/New folder/peer-care-connect/tsconfig.json instead, see 
https://www.typescriptlang.org/tsconfig/#isolatedModules
  
ts-jest[config] (WARN) [94mmessage[0m[90m TS151001: [0mIf you have issues related to imports, you should consider 
setting `esModuleInterop` to `true` in your TypeScript configuration file (usually `tsconfig.json`). See https://blogs.
msdn.microsoft.com/typescript/2018/01/31/announcing-typescript-2-7/#easier-ecmascript-module-interoperability for more 
information.
ts-jest[config] (WARN) [94mmessage[0m[90m TS151001: [0mIf you have issues related to imports, you should consider 
setting `esModuleInterop` to `true` in your TypeScript configuration file (usually `tsconfig.json`). See https://blogs.
msdn.microsoft.com/typescript/2018/01/31/announcing-typescript-2-7/#easier-ecmascript-module-interoperability for more 
information.
ts-jest[config] (WARN) [94mmessage[0m[90m TS151001: [0mIf you have issues related to imports, you should consider 
setting `esModuleInterop` to `true` in your TypeScript configuration file (usually `tsconfig.json`). See https://blogs.
msdn.microsoft.com/typescript/2018/01/31/announcing-typescript-2-7/#easier-ecmascript-module-interoperability for more 
information.
ts-jest[config] (WARN) 
    The "ts-jest" config option "isolatedModules" is deprecated and will be removed in v30.0.0. Please use 
"isolatedModules: true" in C:/Users/rayma/Desktop/New folder/peer-care-connect/tsconfig.json instead, see 
https://www.typescriptlang.org/tsconfig/#isolatedModules
  
ts-jest[config] (WARN) 
    The "ts-jest" config option "isolatedModules" is deprecated and will be removed in v30.0.0. Please use 
"isolatedModules: true" in C:/Users/rayma/Desktop/New folder/peer-care-connect/tsconfig.json instead, see 
https://www.typescriptlang.org/tsconfig/#isolatedModules
  
ts-jest[config] (WARN) 
    The "ts-jest" config option "isolatedModules" is deprecated and will be removed in v30.0.0. Please use 
"isolatedModules: true" in C:/Users/rayma/Desktop/New folder/peer-care-connect/tsconfig.json instead, see 
https://www.typescriptlang.org/tsconfig/#isolatedModules
  
PASS src/lib/booking-flow-type.test.ts
PASS src/lib/__tests__/pre-assessment-service.test.ts
PASS src/lib/__tests__/email-validation.test.ts
PASS tests/integration/database/credit-system.test.ts
PASS src/lib/__tests__/email-templates.test.ts
PASS src/components/__tests__/GoogleOAuthSignup.test.tsx
PASS src/lib/__tests__/email-sending.test.ts
PASS src/lib/__tests__/pricing.test.ts
FAIL src/components/ui/__tests__/button.test.tsx
  ÔùÅ Test suite failed to run

    Jest encountered an unexpected token

    Jest failed to parse a file. This happens e.g. when your code or its dependencies use non-standard JavaScript 
syntax, or when Jest is not configured to support such syntax.

    Out of the box Jest supports Babel, which will be used to transform your files into valid JS based on your Babel 
configuration.

    By default "node_modules" folder is ignored by transformers.

    Here's what you can do:
     ÔÇó If you are trying to use ECMAScript Modules, see https://jestjs.io/docs/ecmascript-modules for how to enable 
it.
     ÔÇó If you are trying to use TypeScript, see https://jestjs.io/docs/getting-started#using-typescript
     ÔÇó To have some of your "node_modules" files transformed, you can specify a custom "transformIgnorePatterns" in 
your config.
     ÔÇó If you need a custom transformation, specify a "transform" option in your config.
     ÔÇó If you simply want to mock your non-JS modules (e.g. binary assets) you can stub them out with the 
"moduleNameMapper" config option.

    You'll find more details and examples of these config options in the docs:
    https://jestjs.io/docs/configuration
    For information about custom transformations, see:
    https://jestjs.io/docs/code-transformation

    Details:

    C:\Users\rayma\Desktop\New folder\peer-care-connect\src\components\ui\__tests__\button.test.tsx:21
            (0, react_2.render)(<button_1.Button>Click me</button_1.Button>);
                                ^

    SyntaxError: Unexpected token '<'

      at Runtime.createScriptFromCode (../node_modules/jest-runtime/build/index.js:1318:40)

FAIL src/components/ui/__tests__/typography.test.tsx
  ÔùÅ Test suite failed to run

    Jest encountered an unexpected token

    Jest failed to parse a file. This happens e.g. when your code or its dependencies use non-standard JavaScript 
syntax, or when Jest is not configured to support such syntax.

    Out of the box Jest supports Babel, which will be used to transform your files into valid JS based on your Babel 
configuration.

    By default "node_modules" folder is ignored by transformers.

    Here's what you can do:
     ÔÇó If you are trying to use ECMAScript Modules, see https://jestjs.io/docs/ecmascript-modules for how to enable 
it.
     ÔÇó If you are trying to use TypeScript, see https://jestjs.io/docs/getting-started#using-typescript
     ÔÇó To have some of your "node_modules" files transformed, you can specify a custom "transformIgnorePatterns" in 
your config.
     ÔÇó If you need a custom transformation, specify a "transform" option in your config.
     ÔÇó If you simply want to mock your non-JS modules (e.g. binary assets) you can stub them out with the 
"moduleNameMapper" config option.

    You'll find more details and examples of these config options in the docs:
    https://jestjs.io/docs/configuration
    For information about custom transformations, see:
    https://jestjs.io/docs/code-transformation

    Details:

    C:\Users\rayma\Desktop\New folder\peer-care-connect\src\components\ui\__tests__\typography.test.tsx:39
            (0, react_1.render)(<typography_1.Typography variant="h1">Page title</typography_1.Typography>);
                                ^

    SyntaxError: Unexpected token '<'

      at Runtime.createScriptFromCode (../node_modules/jest-runtime/build/index.js:1318:40)

FAIL src/lib/__tests__/stripe-products.test.ts
  ÔùÅ stripe-products ÔÇ║ getPractitionerProducts ÔÇ║ returns user-friendly error when query fails

    expect(received).toMatch(expected)

    Expected pattern: /load|services|connection/i
    Received string:  "DB error"

      185 |
      186 |       expect(result.success).toBe(false);
    > 187 |       expect(result.error).toMatch(/load|services|connection/i);
          |                            ^
      188 |     });
      189 |   });
      190 | });

      at src/lib/__tests__/stripe-products.test.ts:187:28
      at fulfilled (src/lib/__tests__/stripe-products.test.ts:8:58)

PASS src/lib/__tests__/test-utils.ts
PASS tests/integration/api/stripe-webhooks.test.ts
PASS src/components/__tests__/GoogleOAuthIntegration.test.tsx
FAIL src/components/marketplace/__tests__/BookingFlow.test.tsx
  ÔùÅ Test suite failed to run

    Jest encountered an unexpected token

    Jest failed to parse a file. This happens e.g. when your code or its dependencies use non-standard JavaScript 
syntax, or when Jest is not configured to support such syntax.

    Out of the box Jest supports Babel, which will be used to transform your files into valid JS based on your Babel 
configuration.

    By default "node_modules" folder is ignored by transformers.

    Here's what you can do:
     ÔÇó If you are trying to use ECMAScript Modules, see https://jestjs.io/docs/ecmascript-modules for how to enable 
it.
     ÔÇó If you are trying to use TypeScript, see https://jestjs.io/docs/getting-started#using-typescript
     ÔÇó To have some of your "node_modules" files transformed, you can specify a custom "transformIgnorePatterns" in 
your config.
     ÔÇó If you need a custom transformation, specify a "transform" option in your config.
     ÔÇó If you simply want to mock your non-JS modules (e.g. binary assets) you can stub them out with the 
"moduleNameMapper" config option.

    You'll find more details and examples of these config options in the docs:
    https://jestjs.io/docs/configuration
    For information about custom transformations, see:
    https://jestjs.io/docs/code-transformation

    Details:

    C:\Users\rayma\Desktop\New folder\peer-care-connect\src\components\marketplace\__tests__\BookingFlow.test.tsx:86
            (0, react_1.render)(<BookingFlow_1.BookingFlow open={true} onOpenChange={() => { }} 
practitioner={mockPractitioner}/>);
                                ^

    SyntaxError: Unexpected token '<'

      at Runtime.createScriptFromCode (../node_modules/jest-runtime/build/index.js:1318:40)

FAIL src/components/marketplace/__tests__/GuestBookingFlow.test.tsx
  ÔùÅ Test suite failed to run

    Jest encountered an unexpected token

    Jest failed to parse a file. This happens e.g. when your code or its dependencies use non-standard JavaScript 
syntax, or when Jest is not configured to support such syntax.

    Out of the box Jest supports Babel, which will be used to transform your files into valid JS based on your Babel 
configuration.

    By default "node_modules" folder is ignored by transformers.

    Here's what you can do:
     ÔÇó If you are trying to use ECMAScript Modules, see https://jestjs.io/docs/ecmascript-modules for how to enable 
it.
     ÔÇó If you are trying to use TypeScript, see https://jestjs.io/docs/getting-started#using-typescript
     ÔÇó To have some of your "node_modules" files transformed, you can specify a custom "transformIgnorePatterns" in 
your config.
     ÔÇó If you need a custom transformation, specify a "transform" option in your config.
     ÔÇó If you simply want to mock your non-JS modules (e.g. binary assets) you can stub them out with the 
"moduleNameMapper" config option.

    You'll find more details and examples of these config options in the docs:
    https://jestjs.io/docs/configuration
    For information about custom transformations, see:
    https://jestjs.io/docs/code-transformation

    Details:

    C:\Users\rayma\Desktop\New 
folder\peer-care-connect\src\components\marketplace\__tests__\GuestBookingFlow.test.tsx:76
            (0, react_1.render)(<GuestBookingFlow_1.GuestBookingFlow practitioner={mockPractitioner} onClose={() => { 
}}/>);
                                ^

    SyntaxError: Unexpected token '<'

      at Runtime.createScriptFromCode (../node_modules/jest-runtime/build/index.js:1318:40)

FAIL src/components/ui/__tests__/card.test.tsx
  ÔùÅ Test suite failed to run

    Jest encountered an unexpected token

    Jest failed to parse a file. This happens e.g. when your code or its dependencies use non-standard JavaScript 
syntax, or when Jest is not configured to support such syntax.

    Out of the box Jest supports Babel, which will be used to transform your files into valid JS based on your Babel 
configuration.

    By default "node_modules" folder is ignored by transformers.

    Here's what you can do:
     ÔÇó If you are trying to use ECMAScript Modules, see https://jestjs.io/docs/ecmascript-modules for how to enable 
it.
     ÔÇó If you are trying to use TypeScript, see https://jestjs.io/docs/getting-started#using-typescript
     ÔÇó To have some of your "node_modules" files transformed, you can specify a custom "transformIgnorePatterns" in 
your config.
     ÔÇó If you need a custom transformation, specify a "transform" option in your config.
     ÔÇó If you simply want to mock your non-JS modules (e.g. binary assets) you can stub them out with the 
"moduleNameMapper" config option.

    You'll find more details and examples of these config options in the docs:
    https://jestjs.io/docs/configuration
    For information about custom transformations, see:
    https://jestjs.io/docs/code-transformation

    Details:

    C:\Users\rayma\Desktop\New folder\peer-care-connect\src\components\ui\__tests__\card.test.tsx:12
            (0, react_2.render)(<card_1.Card>
                                ^

    SyntaxError: Unexpected token '<'

      at Runtime.createScriptFromCode (../node_modules/jest-runtime/build/index.js:1318:40)

PASS tests/integration/treatment-exchange/treatment-exchange-flow.test.ts
FAIL src/lib/__tests__/role-management.test.ts
  ÔùÅ RoleManager ÔÇ║ setPendingRole ÔÇ║ should store role in sessionStorage with timestamp and ID

    TypeError: role_management_1.RoleManager.setPendingRole is not a function

      12 |     it('should store role in sessionStorage with timestamp and ID', () => {
      13 |       const role: UserRole = 'client';
    > 14 |       RoleManager.setPendingRole(role);
         |                   ^
      15 |
      16 |       const stored = sessionStorage.getItem('pending_user_role');
      17 |       expect(stored).toBeTruthy();

      at Object.<anonymous> (src/lib/__tests__/role-management.test.ts:14:19)

  ÔùÅ RoleManager ÔÇ║ setPendingRole ÔÇ║ should overwrite previous pending role

    TypeError: role_management_1.RoleManager.setPendingRole is not a function

      24 |
      25 |     it('should overwrite previous pending role', () => {
    > 26 |       RoleManager.setPendingRole('client');
         |                   ^
      27 |       RoleManager.setPendingRole('sports_therapist');
      28 |
      29 |       const stored = sessionStorage.getItem('pending_user_role');

      at Object.<anonymous> (src/lib/__tests__/role-management.test.ts:26:19)

  ÔùÅ RoleManager ÔÇ║ consumePendingRole ÔÇ║ should return and remove pending role

    TypeError: role_management_1.RoleManager.setPendingRole is not a function

      36 |     it('should return and remove pending role', () => {
      37 |       const role: UserRole = 'client';
    > 38 |       RoleManager.setPendingRole(role);
         |                   ^
      39 |
      40 |       const consumed = RoleManager.consumePendingRole();
      41 |       expect(consumed).toBe(role);

      at Object.<anonymous> (src/lib/__tests__/role-management.test.ts:38:19)

  ÔùÅ RoleManager ÔÇ║ consumePendingRole ÔÇ║ should return null if no pending role

    TypeError: role_management_1.RoleManager.consumePendingRole is not a function

      47 |
      48 |     it('should return null if no pending role', () => {
    > 49 |       const consumed = RoleManager.consumePendingRole();
         |                                    ^
      50 |       expect(consumed).toBeNull();
      51 |     });
      52 |

      at Object.<anonymous> (src/lib/__tests__/role-management.test.ts:49:36)

  ÔùÅ RoleManager ÔÇ║ consumePendingRole ÔÇ║ should return null for expired role

    TypeError: role_management_1.RoleManager.setPendingRole is not a function

      53 |     it('should return null for expired role', () => {
      54 |       const role: UserRole = 'client';
    > 55 |       RoleManager.setPendingRole(role);
         |                   ^
      56 |
      57 |       // Mock expired timestamp (31 minutes ago)
      58 |       const expiredData = {

      at Object.<anonymous> (src/lib/__tests__/role-management.test.ts:55:19)

  ÔùÅ RoleManager ÔÇ║ consumePendingRole ÔÇ║ should return null for invalid role

    TypeError: role_management_1.RoleManager.consumePendingRole is not a function

      75 |       sessionStorage.setItem('pending_user_role', JSON.stringify(invalidData));
      76 |
    > 77 |       const consumed = RoleManager.consumePendingRole();
         |                                    ^
      78 |       expect(consumed).toBeNull();
      79 |     });
      80 |

      at Object.<anonymous> (src/lib/__tests__/role-management.test.ts:77:36)

  ÔùÅ RoleManager ÔÇ║ consumePendingRole ÔÇ║ should handle corrupted sessionStorage data gracefully

    TypeError: role_management_1.RoleManager.consumePendingRole is not a function

      82 |       sessionStorage.setItem('pending_user_role', 'invalid-json');
      83 |
    > 84 |       const consumed = RoleManager.consumePendingRole();
         |                                    ^
      85 |       expect(consumed).toBeNull();
      86 |     });
      87 |   });

      at Object.<anonymous> (src/lib/__tests__/role-management.test.ts:84:36)

  ÔùÅ RoleManager ÔÇ║ assignRole ÔÇ║ should update user role in database

    TypeError: role_management_1.RoleManager.assignRole is not a function

      109 |       }));
      110 |
    > 111 |       const result = await RoleManager.assignRole(userId, role);
          |                                        ^
      112 |       expect(result).toBe(true);
      113 |     });
      114 |

      at src/lib/__tests__/role-management.test.ts:111:40
      at src/lib/__tests__/role-management.test.ts:8:71
      at __awaiter (src/lib/__tests__/role-management.test.ts:4:12)
      at Object.<anonymous> (src/lib/__tests__/role-management.test.ts:90:58)

  ÔùÅ RoleManager ÔÇ║ assignRole ÔÇ║ should handle database errors gracefully

    TypeError: role_management_1.RoleManager.assignRole is not a function

      133 |       }));
      134 |
    > 135 |       const result = await RoleManager.assignRole(userId, role);
          |                                        ^
      136 |       expect(result).toBe(false);
      137 |     });
      138 |   });

      at src/lib/__tests__/role-management.test.ts:135:40
      at src/lib/__tests__/role-management.test.ts:8:71
      at __awaiter (src/lib/__tests__/role-management.test.ts:4:12)
      at Object.<anonymous> (src/lib/__tests__/role-management.test.ts:115:63)

  ÔùÅ RoleManager ÔÇ║ clearAllRoleState ÔÇ║ should clear all role-related state

    TypeError: Cannot redefine property: location
        at Function.defineProperty (<anonymous>)

      148 |       // Mock URL with intendedRole parameter
      149 |       const mockUrl = new URL('http://localhost:3000/auth/callback?intendedRole=client');
    > 150 |       Object.defineProperty(window, 'location', {
          |              ^
      151 |         value: mockUrl,
      152 |         writable: true,
      153 |       });

      at Object.<anonymous> (src/lib/__tests__/role-management.test.ts:150:14)

  ÔùÅ isValidRole ÔÇ║ should return true for valid roles

    TypeError: Cannot read properties of undefined (reading 'ROLE_PERMISSIONS')

      63 |    */
      64 |   static isValidRole(role: string): role is UserRole {
    > 65 |     return Object.keys(this.ROLE_PERMISSIONS).includes(role);
         |                             ^
      66 |   }
      67 |
      68 |   /**

      at isValidRole (src/lib/role-management.ts:65:29)
      at Object.<anonymous> (src/lib/__tests__/role-management.test.ts:167:23)

  ÔùÅ isValidRole ÔÇ║ should return false for invalid roles

    TypeError: Cannot read properties of undefined (reading 'ROLE_PERMISSIONS')

      63 |    */
      64 |   static isValidRole(role: string): role is UserRole {
    > 65 |     return Object.keys(this.ROLE_PERMISSIONS).includes(role);
         |                             ^
      66 |   }
      67 |
      68 |   /**

      at isValidRole (src/lib/role-management.ts:65:29)
      at Object.<anonymous> (src/lib/__tests__/role-management.test.ts:175:23)

  ÔùÅ RoleManager Integration ÔÇ║ should handle complete role assignment flow

    TypeError: role_management_1.RoleManager.setPendingRole is not a function

      186 |
      187 |     // 1. Set pending role
    > 188 |     RoleManager.setPendingRole(role);
          |                 ^
      189 |     expect(sessionStorage.getItem('pending_user_role')).toBeTruthy();
      190 |
      191 |     // 2. Consume pending role

      at src/lib/__tests__/role-management.test.ts:188:17
      at src/lib/__tests__/role-management.test.ts:8:71
      at __awaiter (src/lib/__tests__/role-management.test.ts:4:12)
      at Object.<anonymous> (src/lib/__tests__/role-management.test.ts:183:64)

  ÔùÅ RoleManager Integration ÔÇ║ should handle role assignment failure gracefully

    TypeError: role_management_1.RoleManager.setPendingRole is not a function

      219 |
      220 |     // Set and consume role
    > 221 |     RoleManager.setPendingRole(role);
          |                 ^
      222 |     const consumed = RoleManager.consumePendingRole();
      223 |     expect(consumed).toBe(role);
      224 |

      at src/lib/__tests__/role-management.test.ts:221:17
      at src/lib/__tests__/role-management.test.ts:8:71
      at __awaiter (src/lib/__tests__/role-management.test.ts:4:12)
      at Object.<anonymous> (src/lib/__tests__/role-management.test.ts:216:69)

PASS tests/integration/realtime/subscriptions.test.ts
PASS tests/integration/api/email-edge-function.test.ts
PASS tests/integration/database/booking-operations.test.ts
FAIL src/components/forms/__tests__/PreAssessmentForm.test.tsx
  ÔùÅ Test suite failed to run

    Jest encountered an unexpected token

    Jest failed to parse a file. This happens e.g. when your code or its dependencies use non-standard JavaScript 
syntax, or when Jest is not configured to support such syntax.

    Out of the box Jest supports Babel, which will be used to transform your files into valid JS based on your Babel 
configuration.

    By default "node_modules" folder is ignored by transformers.

    Here's what you can do:
     ÔÇó If you are trying to use ECMAScript Modules, see https://jestjs.io/docs/ecmascript-modules for how to enable 
it.
     ÔÇó If you are trying to use TypeScript, see https://jestjs.io/docs/getting-started#using-typescript
     ÔÇó To have some of your "node_modules" files transformed, you can specify a custom "transformIgnorePatterns" in 
your config.
     ÔÇó If you need a custom transformation, specify a "transform" option in your config.
     ÔÇó If you simply want to mock your non-JS modules (e.g. binary assets) you can stub them out with the 
"moduleNameMapper" config option.

    You'll find more details and examples of these config options in the docs:
    https://jestjs.io/docs/configuration
    For information about custom transformations, see:
    https://jestjs.io/docs/code-transformation

    Details:

    C:\Users\rayma\Desktop\New folder\peer-care-connect\src\components\forms\__tests__\PreAssessmentForm.test.tsx:59
            (0, react_1.render)(<PreAssessmentForm_1.PreAssessmentForm {...defaultProps}/>);
                                ^

    SyntaxError: Unexpected token '<'

      at Runtime.createScriptFromCode (../node_modules/jest-runtime/build/index.js:1318:40)

FAIL src/services/__tests__/bookingService.test.ts
  ÔùÅ Test suite failed to run

    ReferenceError: Cannot access 'supabase_test_client_1' before initialization

      18 | // Mock the Supabase client
      19 | jest.mock('@/integrations/supabase/client', () => ({
    > 20 |   supabase: createTestSupabaseClient(),
         |             ^
      21 | }));
      22 |
      23 | // Mock fetch for Stripe API calls

      at src/services/__tests__/bookingService.test.ts:20:13
      at Object.<anonymous> (src/services/bookingService.ts:6:1)
      at Object.<anonymous> (src/services/__tests__/bookingService.test.ts:5:1)

FAIL src/lib/__tests__/supabase-integration.test.ts
  ÔùÅ Test suite failed to run

    Cannot find module '../src/integrations/supabase/client' from 'src/lib/__tests__/supabase-integration.test.ts'

      4 |
      5 | // Mock Supabase client
    > 6 | jest.mock('../src/integrations/supabase/client', () => ({
        |      ^
      7 |   supabase: {
      8 |     from: jest.fn(() => ({
      9 |       select: jest.fn().mockReturnThis(),

      at Resolver._throwModNotFoundError (../node_modules/jest-resolve/build/index.js:863:11)
      at Object.<anonymous> (src/lib/__tests__/supabase-integration.test.ts:6:6)

FAIL src/services/__tests__/stripeService.test.ts
  ÔùÅ Test suite failed to run

    TypeError: stripe_1.Stripe is not a constructor

       7 |
       8 | // Initialize Stripe (you'll need to add your secret key)
    >  9 | const stripe = new Stripe(process.env.REACT_APP_STRIPE_SECRET_KEY || '', {
         |                ^
      10 |   apiVersion: '2024-06-20',
      11 | });
      12 |

      at Object.<anonymous> (src/services/stripeService.ts:9:16)
      at Object.<anonymous> (src/services/__tests__/stripeService.test.ts:5:1)

FAIL src/components/__tests__/SimpleProtectedRoute.test.tsx
  ÔùÅ Test suite failed to run

    Jest encountered an unexpected token

    Jest failed to parse a file. This happens e.g. when your code or its dependencies use non-standard JavaScript 
syntax, or when Jest is not configured to support such syntax.

    Out of the box Jest supports Babel, which will be used to transform your files into valid JS based on your Babel 
configuration.

    By default "node_modules" folder is ignored by transformers.

    Here's what you can do:
     ÔÇó If you are trying to use ECMAScript Modules, see https://jestjs.io/docs/ecmascript-modules for how to enable 
it.
     ÔÇó If you are trying to use TypeScript, see https://jestjs.io/docs/getting-started#using-typescript
     ÔÇó To have some of your "node_modules" files transformed, you can specify a custom "transformIgnorePatterns" in 
your config.
     ÔÇó If you need a custom transformation, specify a "transform" option in your config.
     ÔÇó If you simply want to mock your non-JS modules (e.g. binary assets) you can stub them out with the 
"moduleNameMapper" config option.

    You'll find more details and examples of these config options in the docs:
    https://jestjs.io/docs/configuration
    For information about custom transformations, see:
    https://jestjs.io/docs/code-transformation

    Details:

    C:\Users\rayma\Desktop\New folder\peer-care-connect\src\components\__tests__\SimpleProtectedRoute.test.tsx:12
        return (<react_query_1.QueryClientProvider client={queryClient}>
                ^

    SyntaxError: Unexpected token '<'

      at Runtime.createScriptFromCode (../node_modules/jest-runtime/build/index.js:1318:40)

FAIL src/components/__tests__/AuthRouter.protected.test.tsx
  ÔùÅ Test suite failed to run

    Jest encountered an unexpected token

    Jest failed to parse a file. This happens e.g. when your code or its dependencies use non-standard JavaScript 
syntax, or when Jest is not configured to support such syntax.

    Out of the box Jest supports Babel, which will be used to transform your files into valid JS based on your Babel 
configuration.

    By default "node_modules" folder is ignored by transformers.

    Here's what you can do:
     ÔÇó If you are trying to use ECMAScript Modules, see https://jestjs.io/docs/ecmascript-modules for how to enable 
it.
     ÔÇó If you are trying to use TypeScript, see https://jestjs.io/docs/getting-started#using-typescript
     ÔÇó To have some of your "node_modules" files transformed, you can specify a custom "transformIgnorePatterns" in 
your config.
     ÔÇó If you need a custom transformation, specify a "transform" option in your config.
     ÔÇó If you simply want to mock your non-JS modules (e.g. binary assets) you can stub them out with the 
"moduleNameMapper" config option.

    You'll find more details and examples of these config options in the docs:
    https://jestjs.io/docs/configuration
    For information about custom transformations, see:
    https://jestjs.io/docs/code-transformation

    Details:

    C:\Users\rayma\Desktop\New folder\peer-care-connect\src\components\__tests__\AuthRouter.protected.test.tsx:21
            (0, react_2.render)(<react_query_1.QueryClientProvider client={queryClient}>
                                ^

    SyntaxError: Unexpected token '<'

      at Runtime.createScriptFromCode (../node_modules/jest-runtime/build/index.js:1318:40)

FAIL src/components/__tests__/quick-wins.test.tsx
  ÔùÅ Test suite failed to run

    Jest encountered an unexpected token

    Jest failed to parse a file. This happens e.g. when your code or its dependencies use non-standard JavaScript 
syntax, or when Jest is not configured to support such syntax.

    Out of the box Jest supports Babel, which will be used to transform your files into valid JS based on your Babel 
configuration.

    By default "node_modules" folder is ignored by transformers.

    Here's what you can do:
     ÔÇó If you are trying to use ECMAScript Modules, see https://jestjs.io/docs/ecmascript-modules for how to enable 
it.
     ÔÇó If you are trying to use TypeScript, see https://jestjs.io/docs/getting-started#using-typescript
     ÔÇó To have some of your "node_modules" files transformed, you can specify a custom "transformIgnorePatterns" in 
your config.
     ÔÇó If you need a custom transformation, specify a "transform" option in your config.
     ÔÇó If you simply want to mock your non-JS modules (e.g. binary assets) you can stub them out with the 
"moduleNameMapper" config option.

    You'll find more details and examples of these config options in the docs:
    https://jestjs.io/docs/configuration
    For information about custom transformations, see:
    https://jestjs.io/docs/code-transformation

    Details:

    C:\Users\rayma\Desktop\New folder\peer-care-connect\src\components\__tests__\quick-wins.test.tsx:70
            (0, react_1.render)(<ProfileCompletionWidget_1.ProfileCompletionWidget userProfile={mockProfile}/>);
                                ^

    SyntaxError: Unexpected token '<'

      at Runtime.createScriptFromCode (../node_modules/jest-runtime/build/index.js:1318:40)

FAIL src/components/__tests__/Header.test.tsx
  ÔùÅ Test suite failed to run

    Jest encountered an unexpected token

    Jest failed to parse a file. This happens e.g. when your code or its dependencies use non-standard JavaScript 
syntax, or when Jest is not configured to support such syntax.

    Out of the box Jest supports Babel, which will be used to transform your files into valid JS based on your Babel 
configuration.

    By default "node_modules" folder is ignored by transformers.

    Here's what you can do:
     ÔÇó If you are trying to use ECMAScript Modules, see https://jestjs.io/docs/ecmascript-modules for how to enable 
it.
     ÔÇó If you are trying to use TypeScript, see https://jestjs.io/docs/getting-started#using-typescript
     ÔÇó To have some of your "node_modules" files transformed, you can specify a custom "transformIgnorePatterns" in 
your config.
     ÔÇó If you need a custom transformation, specify a "transform" option in your config.
     ÔÇó If you simply want to mock your non-JS modules (e.g. binary assets) you can stub them out with the 
"moduleNameMapper" config option.

    You'll find more details and examples of these config options in the docs:
    https://jestjs.io/docs/configuration
    For information about custom transformations, see:
    https://jestjs.io/docs/code-transformation

    Details:

    C:\Users\rayma\Desktop\New folder\peer-care-connect\src\components\__tests__\Header.test.tsx:21
            (0, react_2.render)(<react_query_1.QueryClientProvider client={queryClient}>
                                ^

    SyntaxError: Unexpected token '<'

      at Runtime.createScriptFromCode (../node_modules/jest-runtime/build/index.js:1318:40)

FAIL src/components/__tests__/AuthRouter.mock.test.tsx
  ÔùÅ Test suite failed to run

    Jest encountered an unexpected token

    Jest failed to parse a file. This happens e.g. when your code or its dependencies use non-standard JavaScript 
syntax, or when Jest is not configured to support such syntax.

    Out of the box Jest supports Babel, which will be used to transform your files into valid JS based on your Babel 
configuration.

    By default "node_modules" folder is ignored by transformers.

    Here's what you can do:
     ÔÇó If you are trying to use ECMAScript Modules, see https://jestjs.io/docs/ecmascript-modules for how to enable 
it.
     ÔÇó If you are trying to use TypeScript, see https://jestjs.io/docs/getting-started#using-typescript
     ÔÇó To have some of your "node_modules" files transformed, you can specify a custom "transformIgnorePatterns" in 
your config.
     ÔÇó If you need a custom transformation, specify a "transform" option in your config.
     ÔÇó If you simply want to mock your non-JS modules (e.g. binary assets) you can stub them out with the 
"moduleNameMapper" config option.

    You'll find more details and examples of these config options in the docs:
    https://jestjs.io/docs/configuration
    For information about custom transformations, see:
    https://jestjs.io/docs/code-transformation

    Details:

    C:\Users\rayma\Desktop\New folder\peer-care-connect\src\components\__tests__\AuthRouter.mock.test.tsx:60
            (0, react_2.render)(<react_query_1.QueryClientProvider client={queryClient}>
                                ^

    SyntaxError: Unexpected token '<'

      at Runtime.createScriptFromCode (../node_modules/jest-runtime/build/index.js:1318:40)

FAIL src/lib/__tests__/supabase-core.test.js
  ÔùÅ Test suite failed to run

    Cannot find module '../src/lib/role-management' from 'src/lib/__tests__/supabase-core.test.js'

    > 1 | const { RoleManager, isValidRole } = require('../src/lib/role-management');
        |                                      ^
      2 |
      3 | // Mock sessionStorage and localStorage
      4 | const mockSessionStorage = {

      at Resolver._throwModNotFoundError (../node_modules/jest-resolve/build/index.js:863:11)
      at Object.<anonymous> (src/lib/__tests__/supabase-core.test.js:1:38)

FAIL tests/integration/oauth-callback.test.ts
  ÔùÅ OAuth Callback Integration Tests ÔÇ║ Successful OAuth Flow ÔÇ║ should create user with intended role from signed 
state

    TypeError: test_utils_1.MockGoogleOAuth.generateMockIdToken is not a function

      42 |
      43 |       // 2. Mock Google token exchange
    > 44 |       const mockIdToken = MockGoogleOAuth.generateMockIdToken({
         |                                           ^
      45 |         email: 'test@example.com',
      46 |         sub: 'google-123',
      47 |         name: 'Test User',

      at tests/integration/oauth-callback.test.ts:44:43
      at tests/integration/oauth-callback.test.ts:8:71
      at __awaiter (tests/integration/oauth-callback.test.ts:4:12)
      at Object.<anonymous> (tests/integration/oauth-callback.test.ts:35:78)

  ÔùÅ OAuth Callback Integration Tests ÔÇ║ Successful OAuth Flow ÔÇ║ should handle existing user with role update

    TypeError: test_utils_1.TestUserFactory.createTestUser is not a function

      128 |
      129 |       // Mock existing user
    > 130 |       const existingUser = TestUserFactory.createTestUser({
          |                                            ^
      131 |         user_role: null, // No role assigned yet
      132 |       });
      133 |

      at tests/integration/oauth-callback.test.ts:130:44
      at tests/integration/oauth-callback.test.ts:8:71
      at __awaiter (tests/integration/oauth-callback.test.ts:4:12)
      at Object.<anonymous> (tests/integration/oauth-callback.test.ts:122:67)

  ÔùÅ OAuth Callback Integration Tests ÔÇ║ Error Handling ÔÇ║ should reject tampered state

    TypeError: test_utils_1.TestStateGenerator.generateTamperedState is not a function

      169 |   describe('Error Handling', () => {
      170 |     it('should reject tampered state', async () => {
    > 171 |       const tamperedState = TestStateGenerator.generateTamperedState({
          |                                                ^
      172 |         role: 'admin',
      173 |         nonce: 'test-nonce',
      174 |       });

      at tests/integration/oauth-callback.test.ts:171:48
      at tests/integration/oauth-callback.test.ts:8:71
      at __awaiter (tests/integration/oauth-callback.test.ts:4:12)
      at Object.<anonymous> (tests/integration/oauth-callback.test.ts:170:51)

  ÔùÅ OAuth Callback Integration Tests ÔÇ║ Error Handling ÔÇ║ should reject expired state

    TypeError: test_utils_1.TestStateGenerator.generateExpiredState is not a function

      179 |
      180 |     it('should reject expired state', async () => {
    > 181 |       const expiredState = TestStateGenerator.generateExpiredState({
          |                                               ^
      182 |         role: 'client',
      183 |         nonce: 'test-nonce',
      184 |       });

      at tests/integration/oauth-callback.test.ts:181:47
      at tests/integration/oauth-callback.test.ts:8:71
      at __awaiter (tests/integration/oauth-callback.test.ts:4:12)
      at Object.<anonymous> (tests/integration/oauth-callback.test.ts:180:50)

  ÔùÅ OAuth Callback Integration Tests ÔÇ║ Error Handling ÔÇ║ should handle database errors gracefully

    TypeError: test_utils_1.TestDatabaseHelpers.mockError is not a function

      206 |
      207 |       mockSupabase.from().single.mockResolvedValue(
    > 208 |         TestDatabaseHelpers.mockError('Database connection failed')
          |                             ^
      209 |       );
      210 |
      211 |       // Test error handling

      at tests/integration/oauth-callback.test.ts:208:29
      at tests/integration/oauth-callback.test.ts:8:71
      at __awaiter (tests/integration/oauth-callback.test.ts:4:12)
      at Object.<anonymous> (tests/integration/oauth-callback.test.ts:190:63)

  ÔùÅ OAuth Callback Integration Tests ÔÇ║ State Management ÔÇ║ should handle multiple role state sources correctly

    TypeError: role_management_1.RoleManager.setPendingRole is not a function

      268 |       
      269 |       // Set pending role (should take precedence)
    > 270 |       RoleManager.setPendingRole('osteopath');
          |                   ^
      271 |       
      272 |       const consumed = RoleManager.consumePendingRole();
      273 |       expect(consumed).toBe('osteopath');

      at Object.<anonymous> (tests/integration/oauth-callback.test.ts:270:19)

  ÔùÅ OAuth Callback Integration Tests ÔÇ║ State Management ÔÇ║ should clear all state after successful role assignment

    TypeError: role_management_1.RoleManager.setPendingRole is not a function

      278 |       localStorage.setItem('selectedRole', 'client');
      279 |       sessionStorage.setItem('intendedRole', 'sports_therapist');
    > 280 |       RoleManager.setPendingRole('massage_therapist');
          |                   ^
      281 |       
      282 |       // Clear all state
      283 |       RoleManager.clearAllRoleState();

      at Object.<anonymous> (tests/integration/oauth-callback.test.ts:280:19)

FAIL src/components/__tests__/AuthRouter.test.tsx
  ÔùÅ Test suite failed to run

    Jest encountered an unexpected token

    Jest failed to parse a file. This happens e.g. when your code or its dependencies use non-standard JavaScript 
syntax, or when Jest is not configured to support such syntax.

    Out of the box Jest supports Babel, which will be used to transform your files into valid JS based on your Babel 
configuration.

    By default "node_modules" folder is ignored by transformers.

    Here's what you can do:
     ÔÇó If you are trying to use ECMAScript Modules, see https://jestjs.io/docs/ecmascript-modules for how to enable 
it.
     ÔÇó If you are trying to use TypeScript, see https://jestjs.io/docs/getting-started#using-typescript
     ÔÇó To have some of your "node_modules" files transformed, you can specify a custom "transformIgnorePatterns" in 
your config.
     ÔÇó If you need a custom transformation, specify a "transform" option in your config.
     ÔÇó If you simply want to mock your non-JS modules (e.g. binary assets) you can stub them out with the 
"moduleNameMapper" config option.

    You'll find more details and examples of these config options in the docs:
    https://jestjs.io/docs/configuration
    For information about custom transformations, see:
    https://jestjs.io/docs/code-transformation

    Details:

    C:\Users\rayma\Desktop\New folder\peer-care-connect\src\components\__tests__\AuthRouter.test.tsx:21
        return <div data-testid="location-display">{location.pathname}</div>;
               ^

    SyntaxError: Unexpected token '<'

      at Runtime.createScriptFromCode (../node_modules/jest-runtime/build/index.js:1318:40)

FAIL src/components/__tests__/AuthCallback.test.tsx
  ÔùÅ Test suite failed to run

    Jest encountered an unexpected token

    Jest failed to parse a file. This happens e.g. when your code or its dependencies use non-standard JavaScript 
syntax, or when Jest is not configured to support such syntax.

    Out of the box Jest supports Babel, which will be used to transform your files into valid JS based on your Babel 
configuration.

    By default "node_modules" folder is ignored by transformers.

    Here's what you can do:
     ÔÇó If you are trying to use ECMAScript Modules, see https://jestjs.io/docs/ecmascript-modules for how to enable 
it.
     ÔÇó If you are trying to use TypeScript, see https://jestjs.io/docs/getting-started#using-typescript
     ÔÇó To have some of your "node_modules" files transformed, you can specify a custom "transformIgnorePatterns" in 
your config.
     ÔÇó If you need a custom transformation, specify a "transform" option in your config.
     ÔÇó If you simply want to mock your non-JS modules (e.g. binary assets) you can stub them out with the 
"moduleNameMapper" config option.

    You'll find more details and examples of these config options in the docs:
    https://jestjs.io/docs/configuration
    For information about custom transformations, see:
    https://jestjs.io/docs/code-transformation

    Details:

    C:\Users\rayma\Desktop\New folder\peer-care-connect\src\components\__tests__\AuthCallback.test.tsx:12
            (0, react_2.render)(<react_query_1.QueryClientProvider client={queryClient}>
                                ^

    SyntaxError: Unexpected token '<'

      at Runtime.createScriptFromCode (../node_modules/jest-runtime/build/index.js:1318:40)

FAIL src/lib/__tests__/onboarding-utils.test.ts
  ÔùÅ Test suite failed to run

    Cannot find module 'vitest' from 'src/lib/__tests__/onboarding-utils.test.ts'

      4 |  */
      5 |
    > 6 | import { describe, it, expect, beforeEach, vi } from 'vitest';
        | ^
      7 |
      8 | // Mock the mapping logic (extracted from onboarding-utils.ts)
      9 | function mapServicesToSpecializations(

      at Resolver._throwModNotFoundError (../node_modules/jest-resolve/build/index.js:863:11)
      at Object.<anonymous> (src/lib/__tests__/onboarding-utils.test.ts:6:1)

FAIL src/lib/__tests__/my-sessions-filters.test.ts
  ÔùÅ Test suite failed to run

    Cannot find module 'vitest' from 'src/lib/__tests__/my-sessions-filters.test.ts'

      3 |  */
      4 |
    > 5 | import { describe, it, expect, vi, beforeEach, afterEach } from 'vitest';
        | ^
      6 | import {
      7 |   filterSessions,
      8 |   getUniquePractitioners,

      at Resolver._throwModNotFoundError (../node_modules/jest-resolve/build/index.js:863:11)
      at Object.<anonymous> (src/lib/__tests__/my-sessions-filters.test.ts:5:1)

FAIL src/components/session/LiveSOAPNotes.test.tsx
  ÔùÅ Test suite failed to run

    Jest encountered an unexpected token

    Jest failed to parse a file. This happens e.g. when your code or its dependencies use non-standard JavaScript 
syntax, or when Jest is not configured to support such syntax.

    Out of the box Jest supports Babel, which will be used to transform your files into valid JS based on your Babel 
configuration.

    By default "node_modules" folder is ignored by transformers.

    Here's what you can do:
     ÔÇó If you are trying to use ECMAScript Modules, see https://jestjs.io/docs/ecmascript-modules for how to enable 
it.
     ÔÇó If you are trying to use TypeScript, see https://jestjs.io/docs/getting-started#using-typescript
     ÔÇó To have some of your "node_modules" files transformed, you can specify a custom "transformIgnorePatterns" in 
your config.
     ÔÇó If you need a custom transformation, specify a "transform" option in your config.
     ÔÇó If you simply want to mock your non-JS modules (e.g. binary assets) you can stub them out with the 
"moduleNameMapper" config option.

    You'll find more details and examples of these config options in the docs:
    https://jestjs.io/docs/configuration
    For information about custom transformations, see:
    https://jestjs.io/docs/code-transformation

    Details:

    C:\Users\rayma\Desktop\New folder\peer-care-connect\src\components\session\LiveSOAPNotes.test.tsx:72
        Mic: () => <div data-testid="icon-mic"/>,
                   ^

    SyntaxError: Unexpected token '<'

      at Runtime.createScriptFromCode (../node_modules/jest-runtime/build/index.js:1318:40)

FAIL src/lib/__tests__/treatment-exchange.test.ts
  ÔùÅ Console

    console.error
      Invalid requesterId:

      227 |       // Validate IDs are non-empty strings (UUIDs)
      228 |       if (!requesterId || typeof requesterId !== 'string' || requesterId.trim() === '') {
    > 229 |         console.error('Invalid requesterId:', requesterId);
          |                 ^
      230 |         throw new Error('Invalid requester ID. Please sign in again.');
      231 |       }
      232 |       

      at Function.<anonymous> (src/lib/treatment-exchange.ts:229:17)
      at src/lib/treatment-exchange.ts:16:71
      at __awaiter (src/lib/treatment-exchange.ts:12:12)
      at Function.sendExchangeRequest (src/lib/treatment-exchange.ts:203:16)
      at src/lib/__tests__/treatment-exchange.test.ts:151:34
      at src/lib/__tests__/treatment-exchange.test.ts:11:71
      at __awaiter (src/lib/__tests__/treatment-exchange.test.ts:7:12)
      at Object.<anonymous> (src/lib/__tests__/treatment-exchange.test.ts:149:66)

    console.error
      Error sending exchange request: Error: Invalid requester ID. Please sign in again.
          at Function.<anonymous> (C:\Users\rayma\Desktop\New 
folder\peer-care-connect\src\lib\treatment-exchange.ts:230:15)
          at Generator.next (<anonymous>)
          at C:\Users\rayma\Desktop\New folder\peer-care-connect\src\lib\treatment-exchange.ts:16:71
          at new Promise (<anonymous>)
          at __awaiter (C:\Users\rayma\Desktop\New folder\peer-care-connect\src\lib\treatment-exchange.ts:12:12)
          at Function.sendExchangeRequest (C:\Users\rayma\Desktop\New 
folder\peer-care-connect\src\lib\treatment-exchange.ts:203:16)
          at C:\Users\rayma\Desktop\New folder\peer-care-connect\src\lib\__tests__\treatment-exchange.test.ts:151:34
          at Generator.next (<anonymous>)
          at C:\Users\rayma\Desktop\New folder\peer-care-connect\src\lib\__tests__\treatment-exchange.test.ts:11:71
          at new Promise (<anonymous>)
          at __awaiter (C:\Users\rayma\Desktop\New 
folder\peer-care-connect\src\lib\__tests__\treatment-exchange.test.ts:7:12)
          at Object.<anonymous> (C:\Users\rayma\Desktop\New 
folder\peer-care-connect\src\lib\__tests__\treatment-exchange.test.ts:149:66)
          at Promise.finally.completed (C:\Users\rayma\Desktop\New 
folder\node_modules\jest-circus\build\jestAdapterInit.js:1557:28)
          at new Promise (<anonymous>)
          at callAsyncCircusFn (C:\Users\rayma\Desktop\New 
folder\node_modules\jest-circus\build\jestAdapterInit.js:1497:10)
          at _callCircusTest (C:\Users\rayma\Desktop\New 
folder\node_modules\jest-circus\build\jestAdapterInit.js:1007:40)
          at processTicksAndRejections (node:internal/process/task_queues:105:5)
          at _runTest (C:\Users\rayma\Desktop\New folder\node_modules\jest-circus\build\jestAdapterInit.js:947:3)
          at C:\Users\rayma\Desktop\New folder\node_modules\jest-circus\build\jestAdapterInit.js:849:7
          at _runTestsForDescribeBlock (C:\Users\rayma\Desktop\New 
folder\node_modules\jest-circus\build\jestAdapterInit.js:862:11)
          at _runTestsForDescribeBlock (C:\Users\rayma\Desktop\New 
folder\node_modules\jest-circus\build\jestAdapterInit.js:857:11)
          at _runTestsForDescribeBlock (C:\Users\rayma\Desktop\New 
folder\node_modules\jest-circus\build\jestAdapterInit.js:857:11)
          at run (C:\Users\rayma\Desktop\New folder\node_modules\jest-circus\build\jestAdapterInit.js:761:3)
          at runAndTransformResultsToJestFormat (C:\Users\rayma\Desktop\New 
folder\node_modules\jest-circus\build\jestAdapterInit.js:1918:21)
          at jestAdapter (C:\Users\rayma\Desktop\New folder\node_modules\jest-circus\build\runner.js:101:19)
          at runTestInternal (C:\Users\rayma\Desktop\New folder\node_modules\jest-runner\build\testWorker.js:275:16)
          at runTest (C:\Users\rayma\Desktop\New folder\node_modules\jest-runner\build\testWorker.js:343:7)
          at Object.worker (C:\Users\rayma\Desktop\New folder\node_modules\jest-runner\build\testWorker.js:497:12)

      487 |       return data.id;
      488 |     } catch (error) {
    > 489 |       console.error('Error sending exchange request:', error);
          |               ^
      490 |       throw error;
      491 |     }
      492 |   }

      at Function.<anonymous> (src/lib/treatment-exchange.ts:489:15)
      at src/lib/treatment-exchange.ts:16:71
      at __awaiter (src/lib/treatment-exchange.ts:12:12)
      at Function.sendExchangeRequest (src/lib/treatment-exchange.ts:203:16)
      at src/lib/__tests__/treatment-exchange.test.ts:151:34
      at src/lib/__tests__/treatment-exchange.test.ts:11:71
      at __awaiter (src/lib/__tests__/treatment-exchange.test.ts:7:12)
      at Object.<anonymous> (src/lib/__tests__/treatment-exchange.test.ts:149:66)

    console.error
      Invalid recipientId:

      232 |       
      233 |       if (!recipientId || typeof recipientId !== 'string' || recipientId.trim() === '') {
    > 234 |         console.error('Invalid recipientId:', recipientId);
          |                 ^
      235 |         throw new Error('Invalid practitioner ID. Please try selecting the practitioner again.');
      236 |       }
      237 |       

      at Function.<anonymous> (src/lib/treatment-exchange.ts:234:17)
      at src/lib/treatment-exchange.ts:16:71
      at __awaiter (src/lib/treatment-exchange.ts:12:12)
      at Function.sendExchangeRequest (src/lib/treatment-exchange.ts:203:16)
      at src/lib/__tests__/treatment-exchange.test.ts:157:34
      at src/lib/__tests__/treatment-exchange.test.ts:11:71
      at __awaiter (src/lib/__tests__/treatment-exchange.test.ts:7:12)
      at Object.<anonymous> (src/lib/__tests__/treatment-exchange.test.ts:155:66)

    console.error
      Error sending exchange request: Error: Invalid practitioner ID. Please try selecting the practitioner again.
          at Function.<anonymous> (C:\Users\rayma\Desktop\New 
folder\peer-care-connect\src\lib\treatment-exchange.ts:235:15)
          at Generator.next (<anonymous>)
          at C:\Users\rayma\Desktop\New folder\peer-care-connect\src\lib\treatment-exchange.ts:16:71
          at new Promise (<anonymous>)
          at __awaiter (C:\Users\rayma\Desktop\New folder\peer-care-connect\src\lib\treatment-exchange.ts:12:12)
          at Function.sendExchangeRequest (C:\Users\rayma\Desktop\New 
folder\peer-care-connect\src\lib\treatment-exchange.ts:203:16)
          at C:\Users\rayma\Desktop\New folder\peer-care-connect\src\lib\__tests__\treatment-exchange.test.ts:157:34
          at Generator.next (<anonymous>)
          at C:\Users\rayma\Desktop\New folder\peer-care-connect\src\lib\__tests__\treatment-exchange.test.ts:11:71
          at new Promise (<anonymous>)
          at __awaiter (C:\Users\rayma\Desktop\New 
folder\peer-care-connect\src\lib\__tests__\treatment-exchange.test.ts:7:12)
          at Object.<anonymous> (C:\Users\rayma\Desktop\New 
folder\peer-care-connect\src\lib\__tests__\treatment-exchange.test.ts:155:66)
          at Promise.finally.completed (C:\Users\rayma\Desktop\New 
folder\node_modules\jest-circus\build\jestAdapterInit.js:1557:28)
          at new Promise (<anonymous>)
          at callAsyncCircusFn (C:\Users\rayma\Desktop\New 
folder\node_modules\jest-circus\build\jestAdapterInit.js:1497:10)
          at _callCircusTest (C:\Users\rayma\Desktop\New 
folder\node_modules\jest-circus\build\jestAdapterInit.js:1007:40)
          at processTicksAndRejections (node:internal/process/task_queues:105:5)
          at _runTest (C:\Users\rayma\Desktop\New folder\node_modules\jest-circus\build\jestAdapterInit.js:947:3)
          at C:\Users\rayma\Desktop\New folder\node_modules\jest-circus\build\jestAdapterInit.js:849:7
          at _runTestsForDescribeBlock (C:\Users\rayma\Desktop\New 
folder\node_modules\jest-circus\build\jestAdapterInit.js:862:11)
          at _runTestsForDescribeBlock (C:\Users\rayma\Desktop\New 
folder\node_modules\jest-circus\build\jestAdapterInit.js:857:11)
          at _runTestsForDescribeBlock (C:\Users\rayma\Desktop\New 
folder\node_modules\jest-circus\build\jestAdapterInit.js:857:11)
          at run (C:\Users\rayma\Desktop\New folder\node_modules\jest-circus\build\jestAdapterInit.js:761:3)
          at runAndTransformResultsToJestFormat (C:\Users\rayma\Desktop\New 
folder\node_modules\jest-circus\build\jestAdapterInit.js:1918:21)
          at jestAdapter (C:\Users\rayma\Desktop\New folder\node_modules\jest-circus\build\runner.js:101:19)
          at runTestInternal (C:\Users\rayma\Desktop\New folder\node_modules\jest-runner\build\testWorker.js:275:16)
          at runTest (C:\Users\rayma\Desktop\New folder\node_modules\jest-runner\build\testWorker.js:343:7)
          at Object.worker (C:\Users\rayma\Desktop\New folder\node_modules\jest-runner\build\testWorker.js:497:12)

      487 |       return data.id;
      488 |     } catch (error) {
    > 489 |       console.error('Error sending exchange request:', error);
          |               ^
      490 |       throw error;
      491 |     }
      492 |   }

      at Function.<anonymous> (src/lib/treatment-exchange.ts:489:15)
      at src/lib/treatment-exchange.ts:16:71
      at __awaiter (src/lib/treatment-exchange.ts:12:12)
      at Function.sendExchangeRequest (src/lib/treatment-exchange.ts:203:16)
      at src/lib/__tests__/treatment-exchange.test.ts:157:34
      at src/lib/__tests__/treatment-exchange.test.ts:11:71
      at __awaiter (src/lib/__tests__/treatment-exchange.test.ts:7:12)
      at Object.<anonymous> (src/lib/__tests__/treatment-exchange.test.ts:155:66)

    console.error
      Invalid UUID format: { requesterId: 'requester-123', recipientId: 'recipient-123' }

      238 |       // Basic UUID format validation (should be 36 characters with hyphens)
      239 |       if (requesterId.length < 30 || recipientId.length < 30) {
    > 240 |         console.error('Invalid UUID format:', { requesterId, recipientId });
          |                 ^
      241 |         throw new Error('Invalid ID format. Please refresh the page and try again.');
      242 |       }
      243 |       

      at Function.<anonymous> (src/lib/treatment-exchange.ts:240:17)
      at src/lib/treatment-exchange.ts:16:71
      at __awaiter (src/lib/treatment-exchange.ts:12:12)
      at Function.sendExchangeRequest (src/lib/treatment-exchange.ts:203:16)
      at src/lib/__tests__/treatment-exchange.test.ts:175:34
      at src/lib/__tests__/treatment-exchange.test.ts:11:71
      at __awaiter (src/lib/__tests__/treatment-exchange.test.ts:7:12)
      at Object.<anonymous> (src/lib/__tests__/treatment-exchange.test.ts:161:81)

    console.error
      Error sending exchange request: Error: Invalid ID format. Please refresh the page and try again.
          at Function.<anonymous> (C:\Users\rayma\Desktop\New 
folder\peer-care-connect\src\lib\treatment-exchange.ts:241:15)
          at Generator.next (<anonymous>)
          at C:\Users\rayma\Desktop\New folder\peer-care-connect\src\lib\treatment-exchange.ts:16:71
          at new Promise (<anonymous>)
          at __awaiter (C:\Users\rayma\Desktop\New folder\peer-care-connect\src\lib\treatment-exchange.ts:12:12)
          at Function.sendExchangeRequest (C:\Users\rayma\Desktop\New 
folder\peer-care-connect\src\lib\treatment-exchange.ts:203:16)
          at C:\Users\rayma\Desktop\New folder\peer-care-connect\src\lib\__tests__\treatment-exchange.test.ts:175:34
          at Generator.next (<anonymous>)
          at C:\Users\rayma\Desktop\New folder\peer-care-connect\src\lib\__tests__\treatment-exchange.test.ts:11:71
          at new Promise (<anonymous>)
          at __awaiter (C:\Users\rayma\Desktop\New 
folder\peer-care-connect\src\lib\__tests__\treatment-exchange.test.ts:7:12)
          at Object.<anonymous> (C:\Users\rayma\Desktop\New 
folder\peer-care-connect\src\lib\__tests__\treatment-exchange.test.ts:161:81)
          at Promise.finally.completed (C:\Users\rayma\Desktop\New 
folder\node_modules\jest-circus\build\jestAdapterInit.js:1557:28)
          at new Promise (<anonymous>)
          at callAsyncCircusFn (C:\Users\rayma\Desktop\New 
folder\node_modules\jest-circus\build\jestAdapterInit.js:1497:10)
          at _callCircusTest (C:\Users\rayma\Desktop\New 
folder\node_modules\jest-circus\build\jestAdapterInit.js:1007:40)
          at processTicksAndRejections (node:internal/process/task_queues:105:5)
          at _runTest (C:\Users\rayma\Desktop\New folder\node_modules\jest-circus\build\jestAdapterInit.js:947:3)
          at C:\Users\rayma\Desktop\New folder\node_modules\jest-circus\build\jestAdapterInit.js:849:7
          at _runTestsForDescribeBlock (C:\Users\rayma\Desktop\New 
folder\node_modules\jest-circus\build\jestAdapterInit.js:862:11)
          at _runTestsForDescribeBlock (C:\Users\rayma\Desktop\New 
folder\node_modules\jest-circus\build\jestAdapterInit.js:857:11)
          at _runTestsForDescribeBlock (C:\Users\rayma\Desktop\New 
folder\node_modules\jest-circus\build\jestAdapterInit.js:857:11)
          at run (C:\Users\rayma\Desktop\New folder\node_modules\jest-circus\build\jestAdapterInit.js:761:3)
          at runAndTransformResultsToJestFormat (C:\Users\rayma\Desktop\New 
folder\node_modules\jest-circus\build\jestAdapterInit.js:1918:21)
          at jestAdapter (C:\Users\rayma\Desktop\New folder\node_modules\jest-circus\build\runner.js:101:19)
          at runTestInternal (C:\Users\rayma\Desktop\New folder\node_modules\jest-runner\build\testWorker.js:275:16)
          at runTest (C:\Users\rayma\Desktop\New folder\node_modules\jest-runner\build\testWorker.js:343:7)
          at Object.worker (C:\Users\rayma\Desktop\New folder\node_modules\jest-runner\build\testWorker.js:497:12)

      487 |       return data.id;
      488 |     } catch (error) {
    > 489 |       console.error('Error sending exchange request:', error);
          |               ^
      490 |       throw error;
      491 |     }
      492 |   }

      at Function.<anonymous> (src/lib/treatment-exchange.ts:489:15)
      at src/lib/treatment-exchange.ts:16:71
      at __awaiter (src/lib/treatment-exchange.ts:12:12)
      at Function.sendExchangeRequest (src/lib/treatment-exchange.ts:203:16)
      at src/lib/__tests__/treatment-exchange.test.ts:175:34
      at src/lib/__tests__/treatment-exchange.test.ts:11:71
      at __awaiter (src/lib/__tests__/treatment-exchange.test.ts:7:12)
      at Object.<anonymous> (src/lib/__tests__/treatment-exchange.test.ts:161:81)

    console.error
      Invalid UUID format: { requesterId: 'requester-123', recipientId: 'recipient-123' }

      238 |       // Basic UUID format validation (should be 36 characters with hyphens)
      239 |       if (requesterId.length < 30 || recipientId.length < 30) {
    > 240 |         console.error('Invalid UUID format:', { requesterId, recipientId });
          |                 ^
      241 |         throw new Error('Invalid ID format. Please refresh the page and try again.');
      242 |       }
      243 |       

      at Function.<anonymous> (src/lib/treatment-exchange.ts:240:17)
      at src/lib/treatment-exchange.ts:16:71
      at __awaiter (src/lib/treatment-exchange.ts:12:12)
      at Function.sendExchangeRequest (src/lib/treatment-exchange.ts:203:16)
      at src/lib/__tests__/treatment-exchange.test.ts:207:34
      at src/lib/__tests__/treatment-exchange.test.ts:11:71
      at __awaiter (src/lib/__tests__/treatment-exchange.test.ts:7:12)
      at Object.<anonymous> (src/lib/__tests__/treatment-exchange.test.ts:183:69)

    console.error
      Error sending exchange request: Error: Invalid ID format. Please refresh the page and try again.
          at Function.<anonymous> (C:\Users\rayma\Desktop\New 
folder\peer-care-connect\src\lib\treatment-exchange.ts:241:15)
          at Generator.next (<anonymous>)
          at C:\Users\rayma\Desktop\New folder\peer-care-connect\src\lib\treatment-exchange.ts:16:71
          at new Promise (<anonymous>)
          at __awaiter (C:\Users\rayma\Desktop\New folder\peer-care-connect\src\lib\treatment-exchange.ts:12:12)
          at Function.sendExchangeRequest (C:\Users\rayma\Desktop\New 
folder\peer-care-connect\src\lib\treatment-exchange.ts:203:16)
          at C:\Users\rayma\Desktop\New folder\peer-care-connect\src\lib\__tests__\treatment-exchange.test.ts:207:34
          at Generator.next (<anonymous>)
          at C:\Users\rayma\Desktop\New folder\peer-care-connect\src\lib\__tests__\treatment-exchange.test.ts:11:71
          at new Promise (<anonymous>)
          at __awaiter (C:\Users\rayma\Desktop\New 
folder\peer-care-connect\src\lib\__tests__\treatment-exchange.test.ts:7:12)
          at Object.<anonymous> (C:\Users\rayma\Desktop\New 
folder\peer-care-connect\src\lib\__tests__\treatment-exchange.test.ts:183:69)
          at Promise.finally.completed (C:\Users\rayma\Desktop\New 
folder\node_modules\jest-circus\build\jestAdapterInit.js:1557:28)
          at new Promise (<anonymous>)
          at callAsyncCircusFn (C:\Users\rayma\Desktop\New 
folder\node_modules\jest-circus\build\jestAdapterInit.js:1497:10)
          at _callCircusTest (C:\Users\rayma\Desktop\New 
folder\node_modules\jest-circus\build\jestAdapterInit.js:1007:40)
          at processTicksAndRejections (node:internal/process/task_queues:105:5)
          at _runTest (C:\Users\rayma\Desktop\New folder\node_modules\jest-circus\build\jestAdapterInit.js:947:3)
          at C:\Users\rayma\Desktop\New folder\node_modules\jest-circus\build\jestAdapterInit.js:849:7
          at _runTestsForDescribeBlock (C:\Users\rayma\Desktop\New 
folder\node_modules\jest-circus\build\jestAdapterInit.js:862:11)
          at _runTestsForDescribeBlock (C:\Users\rayma\Desktop\New 
folder\node_modules\jest-circus\build\jestAdapterInit.js:857:11)
          at _runTestsForDescribeBlock (C:\Users\rayma\Desktop\New 
folder\node_modules\jest-circus\build\jestAdapterInit.js:857:11)
          at run (C:\Users\rayma\Desktop\New folder\node_modules\jest-circus\build\jestAdapterInit.js:761:3)
          at runAndTransformResultsToJestFormat (C:\Users\rayma\Desktop\New 
folder\node_modules\jest-circus\build\jestAdapterInit.js:1918:21)
          at jestAdapter (C:\Users\rayma\Desktop\New folder\node_modules\jest-circus\build\runner.js:101:19)
          at runTestInternal (C:\Users\rayma\Desktop\New folder\node_modules\jest-runner\build\testWorker.js:275:16)
          at runTest (C:\Users\rayma\Desktop\New folder\node_modules\jest-runner\build\testWorker.js:343:7)
          at Object.worker (C:\Users\rayma\Desktop\New folder\node_modules\jest-runner\build\testWorker.js:497:12)

      487 |       return data.id;
      488 |     } catch (error) {
    > 489 |       console.error('Error sending exchange request:', error);
          |               ^
      490 |       throw error;
      491 |     }
      492 |   }

      at Function.<anonymous> (src/lib/treatment-exchange.ts:489:15)
      at src/lib/treatment-exchange.ts:16:71
      at __awaiter (src/lib/treatment-exchange.ts:12:12)
      at Function.sendExchangeRequest (src/lib/treatment-exchange.ts:203:16)
      at src/lib/__tests__/treatment-exchange.test.ts:207:34
      at src/lib/__tests__/treatment-exchange.test.ts:11:71
      at __awaiter (src/lib/__tests__/treatment-exchange.test.ts:7:12)
      at Object.<anonymous> (src/lib/__tests__/treatment-exchange.test.ts:183:69)

    console.error
      Invalid UUID format: { requesterId: 'requester-123', recipientId: 'recipient-123' }

      238 |       // Basic UUID format validation (should be 36 characters with hyphens)
      239 |       if (requesterId.length < 30 || recipientId.length < 30) {
    > 240 |         console.error('Invalid UUID format:', { requesterId, recipientId });
          |                 ^
      241 |         throw new Error('Invalid ID format. Please refresh the page and try again.');
      242 |       }
      243 |       

      at Function.<anonymous> (src/lib/treatment-exchange.ts:240:17)
      at src/lib/treatment-exchange.ts:16:71
      at __awaiter (src/lib/treatment-exchange.ts:12:12)
      at Function.sendExchangeRequest (src/lib/treatment-exchange.ts:203:16)
      at src/lib/__tests__/treatment-exchange.test.ts:248:34
      at src/lib/__tests__/treatment-exchange.test.ts:11:71
      at __awaiter (src/lib/__tests__/treatment-exchange.test.ts:7:12)
      at Object.<anonymous> (src/lib/__tests__/treatment-exchange.test.ts:215:88)

    console.error
      Error sending exchange request: Error: Invalid ID format. Please refresh the page and try again.
          at Function.<anonymous> (C:\Users\rayma\Desktop\New 
folder\peer-care-connect\src\lib\treatment-exchange.ts:241:15)
          at Generator.next (<anonymous>)
          at C:\Users\rayma\Desktop\New folder\peer-care-connect\src\lib\treatment-exchange.ts:16:71
          at new Promise (<anonymous>)
          at __awaiter (C:\Users\rayma\Desktop\New folder\peer-care-connect\src\lib\treatment-exchange.ts:12:12)
          at Function.sendExchangeRequest (C:\Users\rayma\Desktop\New 
folder\peer-care-connect\src\lib\treatment-exchange.ts:203:16)
          at C:\Users\rayma\Desktop\New folder\peer-care-connect\src\lib\__tests__\treatment-exchange.test.ts:248:34
          at Generator.next (<anonymous>)
          at C:\Users\rayma\Desktop\New folder\peer-care-connect\src\lib\__tests__\treatment-exchange.test.ts:11:71
          at new Promise (<anonymous>)
          at __awaiter (C:\Users\rayma\Desktop\New 
folder\peer-care-connect\src\lib\__tests__\treatment-exchange.test.ts:7:12)
          at Object.<anonymous> (C:\Users\rayma\Desktop\New 
folder\peer-care-connect\src\lib\__tests__\treatment-exchange.test.ts:215:88)
          at Promise.finally.completed (C:\Users\rayma\Desktop\New 
folder\node_modules\jest-circus\build\jestAdapterInit.js:1557:28)
          at new Promise (<anonymous>)
          at callAsyncCircusFn (C:\Users\rayma\Desktop\New 
folder\node_modules\jest-circus\build\jestAdapterInit.js:1497:10)
          at _callCircusTest (C:\Users\rayma\Desktop\New 
folder\node_modules\jest-circus\build\jestAdapterInit.js:1007:40)
          at processTicksAndRejections (node:internal/process/task_queues:105:5)
          at _runTest (C:\Users\rayma\Desktop\New folder\node_modules\jest-circus\build\jestAdapterInit.js:947:3)
          at C:\Users\rayma\Desktop\New folder\node_modules\jest-circus\build\jestAdapterInit.js:849:7
          at _runTestsForDescribeBlock (C:\Users\rayma\Desktop\New 
folder\node_modules\jest-circus\build\jestAdapterInit.js:862:11)
          at _runTestsForDescribeBlock (C:\Users\rayma\Desktop\New 
folder\node_modules\jest-circus\build\jestAdapterInit.js:857:11)
          at _runTestsForDescribeBlock (C:\Users\rayma\Desktop\New 
folder\node_modules\jest-circus\build\jestAdapterInit.js:857:11)
          at run (C:\Users\rayma\Desktop\New folder\node_modules\jest-circus\build\jestAdapterInit.js:761:3)
          at runAndTransformResultsToJestFormat (C:\Users\rayma\Desktop\New 
folder\node_modules\jest-circus\build\jestAdapterInit.js:1918:21)
          at jestAdapter (C:\Users\rayma\Desktop\New folder\node_modules\jest-circus\build\runner.js:101:19)
          at runTestInternal (C:\Users\rayma\Desktop\New folder\node_modules\jest-runner\build\testWorker.js:275:16)
          at runTest (C:\Users\rayma\Desktop\New folder\node_modules\jest-runner\build\testWorker.js:343:7)
          at Object.worker (C:\Users\rayma\Desktop\New folder\node_modules\jest-runner\build\testWorker.js:497:12)

      487 |       return data.id;
      488 |     } catch (error) {
    > 489 |       console.error('Error sending exchange request:', error);
          |               ^
      490 |       throw error;
      491 |     }
      492 |   }

      at Function.<anonymous> (src/lib/treatment-exchange.ts:489:15)
      at src/lib/treatment-exchange.ts:16:71
      at __awaiter (src/lib/treatment-exchange.ts:12:12)
      at Function.sendExchangeRequest (src/lib/treatment-exchange.ts:203:16)
      at src/lib/__tests__/treatment-exchange.test.ts:248:34
      at src/lib/__tests__/treatment-exchange.test.ts:11:71
      at __awaiter (src/lib/__tests__/treatment-exchange.test.ts:7:12)
      at Object.<anonymous> (src/lib/__tests__/treatment-exchange.test.ts:215:88)

    console.error
      Invalid UUID format: { requesterId: 'requester-123', recipientId: 'recipient-123' }

      238 |       // Basic UUID format validation (should be 36 characters with hyphens)
      239 |       if (requesterId.length < 30 || recipientId.length < 30) {
    > 240 |         console.error('Invalid UUID format:', { requesterId, recipientId });
          |                 ^
      241 |         throw new Error('Invalid ID format. Please refresh the page and try again.');
      242 |       }
      243 |       

      at Function.<anonymous> (src/lib/treatment-exchange.ts:240:17)
      at src/lib/treatment-exchange.ts:16:71
      at __awaiter (src/lib/treatment-exchange.ts:12:12)
      at Function.sendExchangeRequest (src/lib/treatment-exchange.ts:203:16)
      at src/lib/__tests__/treatment-exchange.test.ts:314:34
      at src/lib/__tests__/treatment-exchange.test.ts:11:71
      at __awaiter (src/lib/__tests__/treatment-exchange.test.ts:7:12)
      at Object.<anonymous> (src/lib/__tests__/treatment-exchange.test.ts:256:83)

    console.error
      Error sending exchange request: Error: Invalid ID format. Please refresh the page and try again.
          at Function.<anonymous> (C:\Users\rayma\Desktop\New 
folder\peer-care-connect\src\lib\treatment-exchange.ts:241:15)
          at Generator.next (<anonymous>)
          at C:\Users\rayma\Desktop\New folder\peer-care-connect\src\lib\treatment-exchange.ts:16:71
          at new Promise (<anonymous>)
          at __awaiter (C:\Users\rayma\Desktop\New folder\peer-care-connect\src\lib\treatment-exchange.ts:12:12)
          at Function.sendExchangeRequest (C:\Users\rayma\Desktop\New 
folder\peer-care-connect\src\lib\treatment-exchange.ts:203:16)
          at C:\Users\rayma\Desktop\New folder\peer-care-connect\src\lib\__tests__\treatment-exchange.test.ts:314:34
          at Generator.next (<anonymous>)
          at C:\Users\rayma\Desktop\New folder\peer-care-connect\src\lib\__tests__\treatment-exchange.test.ts:11:71
          at new Promise (<anonymous>)
          at __awaiter (C:\Users\rayma\Desktop\New 
folder\peer-care-connect\src\lib\__tests__\treatment-exchange.test.ts:7:12)
          at Object.<anonymous> (C:\Users\rayma\Desktop\New 
folder\peer-care-connect\src\lib\__tests__\treatment-exchange.test.ts:256:83)
          at Promise.finally.completed (C:\Users\rayma\Desktop\New 
folder\node_modules\jest-circus\build\jestAdapterInit.js:1557:28)
          at new Promise (<anonymous>)
          at callAsyncCircusFn (C:\Users\rayma\Desktop\New 
folder\node_modules\jest-circus\build\jestAdapterInit.js:1497:10)
          at _callCircusTest (C:\Users\rayma\Desktop\New 
folder\node_modules\jest-circus\build\jestAdapterInit.js:1007:40)
          at processTicksAndRejections (node:internal/process/task_queues:105:5)
          at _runTest (C:\Users\rayma\Desktop\New folder\node_modules\jest-circus\build\jestAdapterInit.js:947:3)
          at C:\Users\rayma\Desktop\New folder\node_modules\jest-circus\build\jestAdapterInit.js:849:7
          at _runTestsForDescribeBlock (C:\Users\rayma\Desktop\New 
folder\node_modules\jest-circus\build\jestAdapterInit.js:862:11)
          at _runTestsForDescribeBlock (C:\Users\rayma\Desktop\New 
folder\node_modules\jest-circus\build\jestAdapterInit.js:857:11)
          at _runTestsForDescribeBlock (C:\Users\rayma\Desktop\New 
folder\node_modules\jest-circus\build\jestAdapterInit.js:857:11)
          at run (C:\Users\rayma\Desktop\New folder\node_modules\jest-circus\build\jestAdapterInit.js:761:3)
          at runAndTransformResultsToJestFormat (C:\Users\rayma\Desktop\New 
folder\node_modules\jest-circus\build\jestAdapterInit.js:1918:21)
          at jestAdapter (C:\Users\rayma\Desktop\New folder\node_modules\jest-circus\build\runner.js:101:19)
          at runTestInternal (C:\Users\rayma\Desktop\New folder\node_modules\jest-runner\build\testWorker.js:275:16)
          at runTest (C:\Users\rayma\Desktop\New folder\node_modules\jest-runner\build\testWorker.js:343:7)
          at Object.worker (C:\Users\rayma\Desktop\New folder\node_modules\jest-runner\build\testWorker.js:497:12)

      487 |       return data.id;
      488 |     } catch (error) {
    > 489 |       console.error('Error sending exchange request:', error);
          |               ^
      490 |       throw error;
      491 |     }
      492 |   }

      at Function.<anonymous> (src/lib/treatment-exchange.ts:489:15)
      at src/lib/treatment-exchange.ts:16:71
      at __awaiter (src/lib/treatment-exchange.ts:12:12)
      at Function.sendExchangeRequest (src/lib/treatment-exchange.ts:203:16)
      at src/lib/__tests__/treatment-exchange.test.ts:314:34
      at src/lib/__tests__/treatment-exchange.test.ts:11:71
      at __awaiter (src/lib/__tests__/treatment-exchange.test.ts:7:12)
      at Object.<anonymous> (src/lib/__tests__/treatment-exchange.test.ts:256:83)

    console.error
      Error accepting exchange request: Error: This request is no longer available (status: undefined)
          at Function.<anonymous> (C:\Users\rayma\Desktop\New 
folder\peer-care-connect\src\lib\treatment-exchange.ts:527:15)
          at Generator.next (<anonymous>)
          at fulfilled (C:\Users\rayma\Desktop\New folder\peer-care-connect\src\lib\treatment-exchange.ts:13:58)
          at processTicksAndRejections (node:internal/process/task_queues:105:5)

      914 |       return sessionIdToReturn;
      915 |     } catch (error) {
    > 916 |       console.error('Error accepting exchange request:', error);
          |               ^
      917 |       throw error;
      918 |     }
      919 |   }

      at Function.<anonymous> (src/lib/treatment-exchange.ts:916:15)
      at fulfilled (src/lib/treatment-exchange.ts:13:58)

    console.error
      Error accepting exchange request: Error: This request is no longer available (status: undefined)
          at Function.<anonymous> (C:\Users\rayma\Desktop\New 
folder\peer-care-connect\src\lib\treatment-exchange.ts:527:15)
          at Generator.next (<anonymous>)
          at fulfilled (C:\Users\rayma\Desktop\New folder\peer-care-connect\src\lib\treatment-exchange.ts:13:58)
          at processTicksAndRejections (node:internal/process/task_queues:105:5)

      914 |       return sessionIdToReturn;
      915 |     } catch (error) {
    > 916 |       console.error('Error accepting exchange request:', error);
          |               ^
      917 |       throw error;
      918 |     }
      919 |   }

      at Function.<anonymous> (src/lib/treatment-exchange.ts:916:15)
      at fulfilled (src/lib/treatment-exchange.ts:13:58)

    console.error
      Error cancelling exchange session: Error: Session not found
          at Function.<anonymous> (C:\Users\rayma\Desktop\New 
folder\peer-care-connect\src\lib\treatment-exchange.ts:1549:15)
          at Generator.next (<anonymous>)
          at fulfilled (C:\Users\rayma\Desktop\New folder\peer-care-connect\src\lib\treatment-exchange.ts:13:58)
          at processTicksAndRejections (node:internal/process/task_queues:105:5)

      1656 |       return { refundAmount, refundPercent };
      1657 |     } catch (error) {
    > 1658 |       console.error('Error cancelling exchange session:', error);
           |               ^
      1659 |       throw error;
      1660 |     }
      1661 |   }

      at Function.<anonymous> (src/lib/treatment-exchange.ts:1658:15)
      at fulfilled (src/lib/treatment-exchange.ts:13:58)

    console.error
      Error cancelling exchange session: TypeError: client_1.supabase.from(...).select(...).eq(...).single is not a 
function
          at Function.<anonymous> (C:\Users\rayma\Desktop\New 
folder\peer-care-connect\src\lib\treatment-exchange.ts:1546:10)
          at Generator.next (<anonymous>)
          at C:\Users\rayma\Desktop\New folder\peer-care-connect\src\lib\treatment-exchange.ts:16:71
          at new Promise (<anonymous>)
          at __awaiter (C:\Users\rayma\Desktop\New folder\peer-care-connect\src\lib\treatment-exchange.ts:12:12)
          at Function.cancelExchangeSession (C:\Users\rayma\Desktop\New 
folder\peer-care-connect\src\lib\treatment-exchange.ts:1307:16)
          at C:\Users\rayma\Desktop\New folder\peer-care-connect\src\lib\__tests__\treatment-exchange.test.ts:495:34
          at Generator.next (<anonymous>)
          at C:\Users\rayma\Desktop\New folder\peer-care-connect\src\lib\__tests__\treatment-exchange.test.ts:11:71
          at new Promise (<anonymous>)
          at __awaiter (C:\Users\rayma\Desktop\New 
folder\peer-care-connect\src\lib\__tests__\treatment-exchange.test.ts:7:12)
          at Object.<anonymous> (C:\Users\rayma\Desktop\New 
folder\peer-care-connect\src\lib\__tests__\treatment-exchange.test.ts:481:75)
          at Promise.finally.completed (C:\Users\rayma\Desktop\New 
folder\node_modules\jest-circus\build\jestAdapterInit.js:1557:28)
          at new Promise (<anonymous>)
          at callAsyncCircusFn (C:\Users\rayma\Desktop\New 
folder\node_modules\jest-circus\build\jestAdapterInit.js:1497:10)
          at _callCircusTest (C:\Users\rayma\Desktop\New 
folder\node_modules\jest-circus\build\jestAdapterInit.js:1007:40)
          at processTicksAndRejections (node:internal/process/task_queues:105:5)
          at _runTest (C:\Users\rayma\Desktop\New folder\node_modules\jest-circus\build\jestAdapterInit.js:947:3)
          at C:\Users\rayma\Desktop\New folder\node_modules\jest-circus\build\jestAdapterInit.js:849:7
          at _runTestsForDescribeBlock (C:\Users\rayma\Desktop\New 
folder\node_modules\jest-circus\build\jestAdapterInit.js:862:11)
          at _runTestsForDescribeBlock (C:\Users\rayma\Desktop\New 
folder\node_modules\jest-circus\build\jestAdapterInit.js:857:11)
          at _runTestsForDescribeBlock (C:\Users\rayma\Desktop\New 
folder\node_modules\jest-circus\build\jestAdapterInit.js:857:11)
          at run (C:\Users\rayma\Desktop\New folder\node_modules\jest-circus\build\jestAdapterInit.js:761:3)
          at runAndTransformResultsToJestFormat (C:\Users\rayma\Desktop\New 
folder\node_modules\jest-circus\build\jestAdapterInit.js:1918:21)
          at jestAdapter (C:\Users\rayma\Desktop\New folder\node_modules\jest-circus\build\runner.js:101:19)
          at runTestInternal (C:\Users\rayma\Desktop\New folder\node_modules\jest-runner\build\testWorker.js:275:16)
          at runTest (C:\Users\rayma\Desktop\New folder\node_modules\jest-runner\build\testWorker.js:343:7)
          at Object.worker (C:\Users\rayma\Desktop\New folder\node_modules\jest-runner\build\testWorker.js:497:12)

      1656 |       return { refundAmount, refundPercent };
      1657 |     } catch (error) {
    > 1658 |       console.error('Error cancelling exchange session:', error);
           |               ^
      1659 |       throw error;
      1660 |     }
      1661 |   }

      at Function.<anonymous> (src/lib/treatment-exchange.ts:1658:15)
      at src/lib/treatment-exchange.ts:16:71
      at __awaiter (src/lib/treatment-exchange.ts:12:12)
      at Function.cancelExchangeSession (src/lib/treatment-exchange.ts:1307:16)
      at src/lib/__tests__/treatment-exchange.test.ts:495:34
      at src/lib/__tests__/treatment-exchange.test.ts:11:71
      at __awaiter (src/lib/__tests__/treatment-exchange.test.ts:7:12)
      at Object.<anonymous> (src/lib/__tests__/treatment-exchange.test.ts:481:75)

    console.error
      Error cancelling exchange session: TypeError: client_1.supabase.from(...).select(...).eq(...).single is not a 
function
          at Function.<anonymous> (C:\Users\rayma\Desktop\New 
folder\peer-care-connect\src\lib\treatment-exchange.ts:1567:10)
          at Generator.next (<anonymous>)
          at fulfilled (C:\Users\rayma\Desktop\New folder\peer-care-connect\src\lib\treatment-exchange.ts:13:58)
          at processTicksAndRejections (node:internal/process/task_queues:105:5)

      1656 |       return { refundAmount, refundPercent };
      1657 |     } catch (error) {
    > 1658 |       console.error('Error cancelling exchange session:', error);
           |               ^
      1659 |       throw error;
      1660 |     }
      1661 |   }

      at Function.<anonymous> (src/lib/treatment-exchange.ts:1658:15)
      at fulfilled (src/lib/treatment-exchange.ts:13:58)

    console.error
      Error cancelling exchange session: TypeError: client_1.supabase.from(...).update is not a function
          at Function.<anonymous> (C:\Users\rayma\Desktop\New 
folder\peer-care-connect\src\lib\treatment-exchange.ts:1615:10)
          at Generator.next (<anonymous>)
          at fulfilled (C:\Users\rayma\Desktop\New folder\peer-care-connect\src\lib\treatment-exchange.ts:13:58)
          at processTicksAndRejections (node:internal/process/task_queues:105:5)

      1656 |       return { refundAmount, refundPercent };
      1657 |     } catch (error) {
    > 1658 |       console.error('Error cancelling exchange session:', error);
           |               ^
      1659 |       throw error;
      1660 |     }
      1661 |   }

      at Function.<anonymous> (src/lib/treatment-exchange.ts:1658:15)
      at fulfilled (src/lib/treatment-exchange.ts:13:58)

    console.error
      Error cancelling exchange session: TypeError: client_1.supabase.from(...).select(...).eq(...).single is not a 
function
          at Function.<anonymous> (C:\Users\rayma\Desktop\New 
folder\peer-care-connect\src\lib\treatment-exchange.ts:1567:10)
          at Generator.next (<anonymous>)
          at fulfilled (C:\Users\rayma\Desktop\New folder\peer-care-connect\src\lib\treatment-exchange.ts:13:58)
          at processTicksAndRejections (node:internal/process/task_queues:105:5)

      1656 |       return { refundAmount, refundPercent };
      1657 |     } catch (error) {
    > 1658 |       console.error('Error cancelling exchange session:', error);
           |               ^
      1659 |       throw error;
      1660 |     }
      1661 |   }

      at Function.<anonymous> (src/lib/treatment-exchange.ts:1658:15)
      at fulfilled (src/lib/treatment-exchange.ts:13:58)

    console.error
      Error cancelling exchange session: TypeError: client_1.supabase.from(...).select is not a function
          at Function.<anonymous> (C:\Users\rayma\Desktop\New 
folder\peer-care-connect\src\lib\treatment-exchange.ts:1544:10)
          at Generator.next (<anonymous>)
          at C:\Users\rayma\Desktop\New folder\peer-care-connect\src\lib\treatment-exchange.ts:16:71
          at new Promise (<anonymous>)
          at __awaiter (C:\Users\rayma\Desktop\New folder\peer-care-connect\src\lib\treatment-exchange.ts:12:12)
          at Function.cancelExchangeSession (C:\Users\rayma\Desktop\New 
folder\peer-care-connect\src\lib\treatment-exchange.ts:1307:16)
          at C:\Users\rayma\Desktop\New folder\peer-care-connect\src\lib\__tests__\treatment-exchange.test.ts:657:53
          at Generator.next (<anonymous>)
          at C:\Users\rayma\Desktop\New folder\peer-care-connect\src\lib\__tests__\treatment-exchange.test.ts:11:71
          at new Promise (<anonymous>)
          at __awaiter (C:\Users\rayma\Desktop\New 
folder\peer-care-connect\src\lib\__tests__\treatment-exchange.test.ts:7:12)
          at Object.<anonymous> (C:\Users\rayma\Desktop\New 
folder\peer-care-connect\src\lib\__tests__\treatment-exchange.test.ts:623:99)
          at Promise.finally.completed (C:\Users\rayma\Desktop\New 
folder\node_modules\jest-circus\build\jestAdapterInit.js:1557:28)
          at new Promise (<anonymous>)
          at callAsyncCircusFn (C:\Users\rayma\Desktop\New 
folder\node_modules\jest-circus\build\jestAdapterInit.js:1497:10)
          at _callCircusTest (C:\Users\rayma\Desktop\New 
folder\node_modules\jest-circus\build\jestAdapterInit.js:1007:40)
          at processTicksAndRejections (node:internal/process/task_queues:105:5)
          at _runTest (C:\Users\rayma\Desktop\New folder\node_modules\jest-circus\build\jestAdapterInit.js:947:3)
          at C:\Users\rayma\Desktop\New folder\node_modules\jest-circus\build\jestAdapterInit.js:849:7
          at _runTestsForDescribeBlock (C:\Users\rayma\Desktop\New 
folder\node_modules\jest-circus\build\jestAdapterInit.js:862:11)
          at _runTestsForDescribeBlock (C:\Users\rayma\Desktop\New 
folder\node_modules\jest-circus\build\jestAdapterInit.js:857:11)
          at _runTestsForDescribeBlock (C:\Users\rayma\Desktop\New 
folder\node_modules\jest-circus\build\jestAdapterInit.js:857:11)
          at run (C:\Users\rayma\Desktop\New folder\node_modules\jest-circus\build\jestAdapterInit.js:761:3)
          at runAndTransformResultsToJestFormat (C:\Users\rayma\Desktop\New 
folder\node_modules\jest-circus\build\jestAdapterInit.js:1918:21)
          at jestAdapter (C:\Users\rayma\Desktop\New folder\node_modules\jest-circus\build\runner.js:101:19)
          at runTestInternal (C:\Users\rayma\Desktop\New folder\node_modules\jest-runner\build\testWorker.js:275:16)
          at runTest (C:\Users\rayma\Desktop\New folder\node_modules\jest-runner\build\testWorker.js:343:7)
          at Object.worker (C:\Users\rayma\Desktop\New folder\node_modules\jest-runner\build\testWorker.js:497:12)

      1656 |       return { refundAmount, refundPercent };
      1657 |     } catch (error) {
    > 1658 |       console.error('Error cancelling exchange session:', error);
           |               ^
      1659 |       throw error;
      1660 |     }
      1661 |   }

      at Function.<anonymous> (src/lib/treatment-exchange.ts:1658:15)
      at src/lib/treatment-exchange.ts:16:71
      at __awaiter (src/lib/treatment-exchange.ts:12:12)
      at Function.cancelExchangeSession (src/lib/treatment-exchange.ts:1307:16)
      at src/lib/__tests__/treatment-exchange.test.ts:657:53
      at src/lib/__tests__/treatment-exchange.test.ts:11:71
      at __awaiter (src/lib/__tests__/treatment-exchange.test.ts:7:12)
      at Object.<anonymous> (src/lib/__tests__/treatment-exchange.test.ts:623:99)

    console.error
      Invalid UUID format: { requesterId: 'requester-123', recipientId: 'recipient-123' }

      238 |       // Basic UUID format validation (should be 36 characters with hyphens)
      239 |       if (requesterId.length < 30 || recipientId.length < 30) {
    > 240 |         console.error('Invalid UUID format:', { requesterId, recipientId });
          |                 ^
      241 |         throw new Error('Invalid ID format. Please refresh the page and try again.');
      242 |       }
      243 |       

      at Function.<anonymous> (src/lib/treatment-exchange.ts:240:17)
      at src/lib/treatment-exchange.ts:16:71
      at __awaiter (src/lib/treatment-exchange.ts:12:12)
      at Function.sendExchangeRequest (src/lib/treatment-exchange.ts:203:16)
      at src/lib/__tests__/treatment-exchange.test.ts:702:34
      at src/lib/__tests__/treatment-exchange.test.ts:11:71
      at __awaiter (src/lib/__tests__/treatment-exchange.test.ts:7:12)
      at Object.<anonymous> (src/lib/__tests__/treatment-exchange.test.ts:680:63)

    console.error
      Error sending exchange request: Error: Invalid ID format. Please refresh the page and try again.
          at Function.<anonymous> (C:\Users\rayma\Desktop\New 
folder\peer-care-connect\src\lib\treatment-exchange.ts:241:15)
          at Generator.next (<anonymous>)
          at C:\Users\rayma\Desktop\New folder\peer-care-connect\src\lib\treatment-exchange.ts:16:71
          at new Promise (<anonymous>)
          at __awaiter (C:\Users\rayma\Desktop\New folder\peer-care-connect\src\lib\treatment-exchange.ts:12:12)
          at Function.sendExchangeRequest (C:\Users\rayma\Desktop\New 
folder\peer-care-connect\src\lib\treatment-exchange.ts:203:16)
          at C:\Users\rayma\Desktop\New folder\peer-care-connect\src\lib\__tests__\treatment-exchange.test.ts:702:34
          at Generator.next (<anonymous>)
          at C:\Users\rayma\Desktop\New folder\peer-care-connect\src\lib\__tests__\treatment-exchange.test.ts:11:71
          at new Promise (<anonymous>)
          at __awaiter (C:\Users\rayma\Desktop\New 
folder\peer-care-connect\src\lib\__tests__\treatment-exchange.test.ts:7:12)
          at Object.<anonymous> (C:\Users\rayma\Desktop\New 
folder\peer-care-connect\src\lib\__tests__\treatment-exchange.test.ts:680:63)
          at Promise.finally.completed (C:\Users\rayma\Desktop\New 
folder\node_modules\jest-circus\build\jestAdapterInit.js:1557:28)
          at new Promise (<anonymous>)
          at callAsyncCircusFn (C:\Users\rayma\Desktop\New 
folder\node_modules\jest-circus\build\jestAdapterInit.js:1497:10)
          at _callCircusTest (C:\Users\rayma\Desktop\New 
folder\node_modules\jest-circus\build\jestAdapterInit.js:1007:40)
          at processTicksAndRejections (node:internal/process/task_queues:105:5)
          at _runTest (C:\Users\rayma\Desktop\New folder\node_modules\jest-circus\build\jestAdapterInit.js:947:3)
          at C:\Users\rayma\Desktop\New folder\node_modules\jest-circus\build\jestAdapterInit.js:849:7
          at _runTestsForDescribeBlock (C:\Users\rayma\Desktop\New 
folder\node_modules\jest-circus\build\jestAdapterInit.js:862:11)
          at _runTestsForDescribeBlock (C:\Users\rayma\Desktop\New 
folder\node_modules\jest-circus\build\jestAdapterInit.js:857:11)
          at _runTestsForDescribeBlock (C:\Users\rayma\Desktop\New 
folder\node_modules\jest-circus\build\jestAdapterInit.js:857:11)
          at run (C:\Users\rayma\Desktop\New folder\node_modules\jest-circus\build\jestAdapterInit.js:761:3)
          at runAndTransformResultsToJestFormat (C:\Users\rayma\Desktop\New 
folder\node_modules\jest-circus\build\jestAdapterInit.js:1918:21)
          at jestAdapter (C:\Users\rayma\Desktop\New folder\node_modules\jest-circus\build\runner.js:101:19)
          at runTestInternal (C:\Users\rayma\Desktop\New folder\node_modules\jest-runner\build\testWorker.js:275:16)
          at runTest (C:\Users\rayma\Desktop\New folder\node_modules\jest-runner\build\testWorker.js:343:7)
          at Object.worker (C:\Users\rayma\Desktop\New folder\node_modules\jest-runner\build\testWorker.js:497:12)

      487 |       return data.id;
      488 |     } catch (error) {
    > 489 |       console.error('Error sending exchange request:', error);
          |               ^
      490 |       throw error;
      491 |     }
      492 |   }

      at Function.<anonymous> (src/lib/treatment-exchange.ts:489:15)
      at src/lib/treatment-exchange.ts:16:71
      at __awaiter (src/lib/treatment-exchange.ts:12:12)
      at Function.sendExchangeRequest (src/lib/treatment-exchange.ts:203:16)
      at src/lib/__tests__/treatment-exchange.test.ts:702:34
      at src/lib/__tests__/treatment-exchange.test.ts:11:71
      at __awaiter (src/lib/__tests__/treatment-exchange.test.ts:7:12)
      at Object.<anonymous> (src/lib/__tests__/treatment-exchange.test.ts:680:63)

    console.error
      Invalid UUID format: { requesterId: 'requester-123', recipientId: 'recipient-123' }

      238 |       // Basic UUID format validation (should be 36 characters with hyphens)
      239 |       if (requesterId.length < 30 || recipientId.length < 30) {
    > 240 |         console.error('Invalid UUID format:', { requesterId, recipientId });
          |                 ^
      241 |         throw new Error('Invalid ID format. Please refresh the page and try again.');
      242 |       }
      243 |       

      at Function.<anonymous> (src/lib/treatment-exchange.ts:240:17)
      at src/lib/treatment-exchange.ts:16:71
      at __awaiter (src/lib/treatment-exchange.ts:12:12)
      at Function.sendExchangeRequest (src/lib/treatment-exchange.ts:203:16)
      at src/lib/__tests__/treatment-exchange.test.ts:773:34
      at src/lib/__tests__/treatment-exchange.test.ts:11:71
      at __awaiter (src/lib/__tests__/treatment-exchange.test.ts:7:12)
      at Object.<anonymous> (src/lib/__tests__/treatment-exchange.test.ts:710:60)

    console.error
      Error sending exchange request: Error: Invalid ID format. Please refresh the page and try again.
          at Function.<anonymous> (C:\Users\rayma\Desktop\New 
folder\peer-care-connect\src\lib\treatment-exchange.ts:241:15)
          at Generator.next (<anonymous>)
          at C:\Users\rayma\Desktop\New folder\peer-care-connect\src\lib\treatment-exchange.ts:16:71
          at new Promise (<anonymous>)
          at __awaiter (C:\Users\rayma\Desktop\New folder\peer-care-connect\src\lib\treatment-exchange.ts:12:12)
          at Function.sendExchangeRequest (C:\Users\rayma\Desktop\New 
folder\peer-care-connect\src\lib\treatment-exchange.ts:203:16)
          at C:\Users\rayma\Desktop\New folder\peer-care-connect\src\lib\__tests__\treatment-exchange.test.ts:773:34
          at Generator.next (<anonymous>)
          at C:\Users\rayma\Desktop\New folder\peer-care-connect\src\lib\__tests__\treatment-exchange.test.ts:11:71
          at new Promise (<anonymous>)
          at __awaiter (C:\Users\rayma\Desktop\New 
folder\peer-care-connect\src\lib\__tests__\treatment-exchange.test.ts:7:12)
          at Object.<anonymous> (C:\Users\rayma\Desktop\New 
folder\peer-care-connect\src\lib\__tests__\treatment-exchange.test.ts:710:60)
          at Promise.finally.completed (C:\Users\rayma\Desktop\New 
folder\node_modules\jest-circus\build\jestAdapterInit.js:1557:28)
          at new Promise (<anonymous>)
          at callAsyncCircusFn (C:\Users\rayma\Desktop\New 
folder\node_modules\jest-circus\build\jestAdapterInit.js:1497:10)
          at _callCircusTest (C:\Users\rayma\Desktop\New 
folder\node_modules\jest-circus\build\jestAdapterInit.js:1007:40)
          at processTicksAndRejections (node:internal/process/task_queues:105:5)
          at _runTest (C:\Users\rayma\Desktop\New folder\node_modules\jest-circus\build\jestAdapterInit.js:947:3)
          at C:\Users\rayma\Desktop\New folder\node_modules\jest-circus\build\jestAdapterInit.js:849:7
          at _runTestsForDescribeBlock (C:\Users\rayma\Desktop\New 
folder\node_modules\jest-circus\build\jestAdapterInit.js:862:11)
          at _runTestsForDescribeBlock (C:\Users\rayma\Desktop\New 
folder\node_modules\jest-circus\build\jestAdapterInit.js:857:11)
          at _runTestsForDescribeBlock (C:\Users\rayma\Desktop\New 
folder\node_modules\jest-circus\build\jestAdapterInit.js:857:11)
          at run (C:\Users\rayma\Desktop\New folder\node_modules\jest-circus\build\jestAdapterInit.js:761:3)
          at runAndTransformResultsToJestFormat (C:\Users\rayma\Desktop\New 
folder\node_modules\jest-circus\build\jestAdapterInit.js:1918:21)
          at jestAdapter (C:\Users\rayma\Desktop\New folder\node_modules\jest-circus\build\runner.js:101:19)
          at runTestInternal (C:\Users\rayma\Desktop\New folder\node_modules\jest-runner\build\testWorker.js:275:16)
          at runTest (C:\Users\rayma\Desktop\New folder\node_modules\jest-runner\build\testWorker.js:343:7)
          at Object.worker (C:\Users\rayma\Desktop\New folder\node_modules\jest-runner\build\testWorker.js:497:12)

      487 |       return data.id;
      488 |     } catch (error) {
    > 489 |       console.error('Error sending exchange request:', error);
          |               ^
      490 |       throw error;
      491 |     }
      492 |   }

      at Function.<anonymous> (src/lib/treatment-exchange.ts:489:15)
      at src/lib/treatment-exchange.ts:16:71
      at __awaiter (src/lib/treatment-exchange.ts:12:12)
      at Function.sendExchangeRequest (src/lib/treatment-exchange.ts:203:16)
      at src/lib/__tests__/treatment-exchange.test.ts:773:34
      at src/lib/__tests__/treatment-exchange.test.ts:11:71
      at __awaiter (src/lib/__tests__/treatment-exchange.test.ts:7:12)
      at Object.<anonymous> (src/lib/__tests__/treatment-exchange.test.ts:710:60)

    console.error
      Error accepting exchange request: TypeError: client_1.supabase.from(...).select is not a function
          at Function.<anonymous> (C:\Users\rayma\Desktop\New 
folder\peer-care-connect\src\lib\treatment-exchange.ts:506:10)
          at Generator.next (<anonymous>)
          at C:\Users\rayma\Desktop\New folder\peer-care-connect\src\lib\treatment-exchange.ts:16:71
          at new Promise (<anonymous>)
          at __awaiter (C:\Users\rayma\Desktop\New folder\peer-care-connect\src\lib\treatment-exchange.ts:12:12)
          at Function.acceptExchangeRequest (C:\Users\rayma\Desktop\New 
folder\peer-care-connect\src\lib\treatment-exchange.ts:433:16)
          at C:\Users\rayma\Desktop\New folder\peer-care-connect\src\lib\__tests__\treatment-exchange.test.ts:813:34
          at Generator.next (<anonymous>)
          at C:\Users\rayma\Desktop\New folder\peer-care-connect\src\lib\__tests__\treatment-exchange.test.ts:11:71
          at new Promise (<anonymous>)
          at __awaiter (C:\Users\rayma\Desktop\New 
folder\peer-care-connect\src\lib\__tests__\treatment-exchange.test.ts:7:12)
          at Object.<anonymous> (C:\Users\rayma\Desktop\New 
folder\peer-care-connect\src\lib\__tests__\treatment-exchange.test.ts:796:74)
          at Promise.finally.completed (C:\Users\rayma\Desktop\New 
folder\node_modules\jest-circus\build\jestAdapterInit.js:1557:28)
          at new Promise (<anonymous>)
          at callAsyncCircusFn (C:\Users\rayma\Desktop\New 
folder\node_modules\jest-circus\build\jestAdapterInit.js:1497:10)
          at _callCircusTest (C:\Users\rayma\Desktop\New 
folder\node_modules\jest-circus\build\jestAdapterInit.js:1007:40)
          at processTicksAndRejections (node:internal/process/task_queues:105:5)
          at _runTest (C:\Users\rayma\Desktop\New folder\node_modules\jest-circus\build\jestAdapterInit.js:947:3)
          at C:\Users\rayma\Desktop\New folder\node_modules\jest-circus\build\jestAdapterInit.js:849:7
          at _runTestsForDescribeBlock (C:\Users\rayma\Desktop\New 
folder\node_modules\jest-circus\build\jestAdapterInit.js:862:11)
          at _runTestsForDescribeBlock (C:\Users\rayma\Desktop\New 
folder\node_modules\jest-circus\build\jestAdapterInit.js:857:11)
          at _runTestsForDescribeBlock (C:\Users\rayma\Desktop\New 
folder\node_modules\jest-circus\build\jestAdapterInit.js:857:11)
          at run (C:\Users\rayma\Desktop\New folder\node_modules\jest-circus\build\jestAdapterInit.js:761:3)
          at runAndTransformResultsToJestFormat (C:\Users\rayma\Desktop\New 
folder\node_modules\jest-circus\build\jestAdapterInit.js:1918:21)
          at jestAdapter (C:\Users\rayma\Desktop\New folder\node_modules\jest-circus\build\runner.js:101:19)
          at runTestInternal (C:\Users\rayma\Desktop\New folder\node_modules\jest-runner\build\testWorker.js:275:16)
          at runTest (C:\Users\rayma\Desktop\New folder\node_modules\jest-runner\build\testWorker.js:343:7)
          at Object.worker (C:\Users\rayma\Desktop\New folder\node_modules\jest-runner\build\testWorker.js:497:12)

      914 |       return sessionIdToReturn;
      915 |     } catch (error) {
    > 916 |       console.error('Error accepting exchange request:', error);
          |               ^
      917 |       throw error;
      918 |     }
      919 |   }

      at Function.<anonymous> (src/lib/treatment-exchange.ts:916:15)
      at src/lib/treatment-exchange.ts:16:71
      at __awaiter (src/lib/treatment-exchange.ts:12:12)
      at Function.acceptExchangeRequest (src/lib/treatment-exchange.ts:433:16)
      at src/lib/__tests__/treatment-exchange.test.ts:813:34
      at src/lib/__tests__/treatment-exchange.test.ts:11:71
      at __awaiter (src/lib/__tests__/treatment-exchange.test.ts:7:12)
      at Object.<anonymous> (src/lib/__tests__/treatment-exchange.test.ts:796:74)

    console.error
      Error accepting exchange request: TypeError: client_1.supabase.from(...).select(...).eq is not a function
          at Function.<anonymous> (C:\Users\rayma\Desktop\New 
folder\peer-care-connect\src\lib\treatment-exchange.ts:507:10)
          at Generator.next (<anonymous>)
          at C:\Users\rayma\Desktop\New folder\peer-care-connect\src\lib\treatment-exchange.ts:16:71
          at new Promise (<anonymous>)
          at __awaiter (C:\Users\rayma\Desktop\New folder\peer-care-connect\src\lib\treatment-exchange.ts:12:12)
          at Function.acceptExchangeRequest (C:\Users\rayma\Desktop\New 
folder\peer-care-connect\src\lib\treatment-exchange.ts:433:16)
          at C:\Users\rayma\Desktop\New folder\peer-care-connect\src\lib\__tests__\treatment-exchange.test.ts:941:53
          at Generator.next (<anonymous>)
          at C:\Users\rayma\Desktop\New folder\peer-care-connect\src\lib\__tests__\treatment-exchange.test.ts:11:71
          at new Promise (<anonymous>)
          at __awaiter (C:\Users\rayma\Desktop\New 
folder\peer-care-connect\src\lib\__tests__\treatment-exchange.test.ts:7:12)
          at Object.<anonymous> (C:\Users\rayma\Desktop\New 
folder\peer-care-connect\src\lib\__tests__\treatment-exchange.test.ts:817:78)
          at Promise.finally.completed (C:\Users\rayma\Desktop\New 
folder\node_modules\jest-circus\build\jestAdapterInit.js:1557:28)
          at new Promise (<anonymous>)
          at callAsyncCircusFn (C:\Users\rayma\Desktop\New 
folder\node_modules\jest-circus\build\jestAdapterInit.js:1497:10)
          at _callCircusTest (C:\Users\rayma\Desktop\New 
folder\node_modules\jest-circus\build\jestAdapterInit.js:1007:40)
          at processTicksAndRejections (node:internal/process/task_queues:105:5)
          at _runTest (C:\Users\rayma\Desktop\New folder\node_modules\jest-circus\build\jestAdapterInit.js:947:3)
          at C:\Users\rayma\Desktop\New folder\node_modules\jest-circus\build\jestAdapterInit.js:849:7
          at _runTestsForDescribeBlock (C:\Users\rayma\Desktop\New 
folder\node_modules\jest-circus\build\jestAdapterInit.js:862:11)
          at _runTestsForDescribeBlock (C:\Users\rayma\Desktop\New 
folder\node_modules\jest-circus\build\jestAdapterInit.js:857:11)
          at _runTestsForDescribeBlock (C:\Users\rayma\Desktop\New 
folder\node_modules\jest-circus\build\jestAdapterInit.js:857:11)
          at run (C:\Users\rayma\Desktop\New folder\node_modules\jest-circus\build\jestAdapterInit.js:761:3)
          at runAndTransformResultsToJestFormat (C:\Users\rayma\Desktop\New 
folder\node_modules\jest-circus\build\jestAdapterInit.js:1918:21)
          at jestAdapter (C:\Users\rayma\Desktop\New folder\node_modules\jest-circus\build\runner.js:101:19)
          at runTestInternal (C:\Users\rayma\Desktop\New folder\node_modules\jest-runner\build\testWorker.js:275:16)
          at runTest (C:\Users\rayma\Desktop\New folder\node_modules\jest-runner\build\testWorker.js:343:7)
          at Object.worker (C:\Users\rayma\Desktop\New folder\node_modules\jest-runner\build\testWorker.js:497:12)

      914 |       return sessionIdToReturn;
      915 |     } catch (error) {
    > 916 |       console.error('Error accepting exchange request:', error);
          |               ^
      917 |       throw error;
      918 |     }
      919 |   }

      at Function.<anonymous> (src/lib/treatment-exchange.ts:916:15)
      at src/lib/treatment-exchange.ts:16:71
      at __awaiter (src/lib/treatment-exchange.ts:12:12)
      at Function.acceptExchangeRequest (src/lib/treatment-exchange.ts:433:16)
      at src/lib/__tests__/treatment-exchange.test.ts:941:53
      at src/lib/__tests__/treatment-exchange.test.ts:11:71
      at __awaiter (src/lib/__tests__/treatment-exchange.test.ts:7:12)
      at Object.<anonymous> (src/lib/__tests__/treatment-exchange.test.ts:817:78)

    console.error
      Invalid UUID format: { requesterId: 'requester-123', recipientId: 'recipient-123' }

      238 |       // Basic UUID format validation (should be 36 characters with hyphens)
      239 |       if (requesterId.length < 30 || recipientId.length < 30) {
    > 240 |         console.error('Invalid UUID format:', { requesterId, recipientId });
          |                 ^
      241 |         throw new Error('Invalid ID format. Please refresh the page and try again.');
      242 |       }
      243 |       

      at Function.<anonymous> (src/lib/treatment-exchange.ts:240:17)
      at src/lib/treatment-exchange.ts:16:71
      at __awaiter (src/lib/treatment-exchange.ts:12:12)
      at Function.sendExchangeRequest (src/lib/treatment-exchange.ts:203:16)
      at src/lib/__tests__/treatment-exchange.test.ts:1076:53
      at fulfilled (src/lib/__tests__/treatment-exchange.test.ts:8:58)

    console.error
      Error sending exchange request: Error: Invalid ID format. Please refresh the page and try again.
          at Function.<anonymous> (C:\Users\rayma\Desktop\New 
folder\peer-care-connect\src\lib\treatment-exchange.ts:241:15)
          at Generator.next (<anonymous>)
          at C:\Users\rayma\Desktop\New folder\peer-care-connect\src\lib\treatment-exchange.ts:16:71
          at new Promise (<anonymous>)
          at __awaiter (C:\Users\rayma\Desktop\New folder\peer-care-connect\src\lib\treatment-exchange.ts:12:12)
          at Function.sendExchangeRequest (C:\Users\rayma\Desktop\New 
folder\peer-care-connect\src\lib\treatment-exchange.ts:203:16)
          at C:\Users\rayma\Desktop\New folder\peer-care-connect\src\lib\__tests__\treatment-exchange.test.ts:1076:53
          at Generator.next (<anonymous>)
          at fulfilled (C:\Users\rayma\Desktop\New 
folder\peer-care-connect\src\lib\__tests__\treatment-exchange.test.ts:8:58)
          at processTicksAndRejections (node:internal/process/task_queues:105:5)

      487 |       return data.id;
      488 |     } catch (error) {
    > 489 |       console.error('Error sending exchange request:', error);
          |               ^
      490 |       throw error;
      491 |     }
      492 |   }

      at Function.<anonymous> (src/lib/treatment-exchange.ts:489:15)
      at src/lib/treatment-exchange.ts:16:71
      at __awaiter (src/lib/treatment-exchange.ts:12:12)
      at Function.sendExchangeRequest (src/lib/treatment-exchange.ts:203:16)
      at src/lib/__tests__/treatment-exchange.test.ts:1076:53
      at fulfilled (src/lib/__tests__/treatment-exchange.test.ts:8:58)

    console.error
      Error checking credit balance: TypeError: client_1.supabase.from(...).select(...).eq(...).maybeSingle is not a 
function
          at C:\Users\rayma\Desktop\New folder\peer-care-connect\src\lib\treatment-exchange\credits.ts:41:8
          at Generator.next (<anonymous>)
          at C:\Users\rayma\Desktop\New folder\peer-care-connect\src\lib\treatment-exchange\credits.ts:14:71
          at new Promise (<anonymous>)
          at __awaiter (C:\Users\rayma\Desktop\New 
folder\peer-care-connect\src\lib\treatment-exchange\credits.ts:10:12)
          at checkCreditBalance (C:\Users\rayma\Desktop\New 
folder\peer-care-connect\src\lib\treatment-exchange\credits.ts:42:12)
          at Function.<anonymous> (C:\Users\rayma\Desktop\New 
folder\peer-care-connect\src\lib\treatment-exchange.ts:79:12)
          at Generator.next (<anonymous>)
          at fulfilled (C:\Users\rayma\Desktop\New folder\peer-care-connect\src\lib\treatment-exchange.ts:13:58)
          at processTicksAndRejections (node:internal/process/task_queues:105:5)

      60 |     };
      61 |   } catch (error) {
    > 62 |     console.error('Error checking credit balance:', error);
         |             ^
      63 |     return {
      64 |       hasSufficientCredits: false,
      65 |       currentBalance: 0,

      at src/lib/treatment-exchange/credits.ts:62:13
      at src/lib/treatment-exchange/credits.ts:14:71
      at __awaiter (src/lib/treatment-exchange/credits.ts:10:12)
      at checkCreditBalance (src/lib/treatment-exchange/credits.ts:42:12)
      at Function.<anonymous> (src/lib/treatment-exchange.ts:79:12)
      at fulfilled (src/lib/treatment-exchange.ts:13:58)

  ÔùÅ TreatmentExchangeService ÔÇ║ sendExchangeRequest ÔÇ║ should throw error when requester has insufficient credits

    expect(received).rejects.toThrow(expected)

    Expected substring: "Insufficient credits"
    Received message:   "Invalid ID format. Please refresh the page and try again."

          239 |       if (requesterId.length < 30 || recipientId.length < 30) {
          240 |         console.error('Invalid UUID format:', { requesterId, recipientId });
        > 241 |         throw new Error('Invalid ID format. Please refresh the page and try again.');
              |               ^
          242 |       }
          243 |       
          244 |       // Get actual credit cost from backend RPC function for accurate calculation

      at Function.<anonymous> (src/lib/treatment-exchange.ts:241:15)
      at src/lib/treatment-exchange.ts:16:71
      at __awaiter (src/lib/treatment-exchange.ts:12:12)
      at Function.sendExchangeRequest (src/lib/treatment-exchange.ts:203:16)
      at src/lib/__tests__/treatment-exchange.test.ts:175:34
      at src/lib/__tests__/treatment-exchange.test.ts:11:71
      at __awaiter (src/lib/__tests__/treatment-exchange.test.ts:7:12)
      at Object.<anonymous> (src/lib/__tests__/treatment-exchange.test.ts:161:81)
      at Object.toThrow (../node_modules/expect/build/index.js:2155:20)
      at src/lib/__tests__/treatment-exchange.test.ts:180:17
      at src/lib/__tests__/treatment-exchange.test.ts:11:71
      at __awaiter (src/lib/__tests__/treatment-exchange.test.ts:7:12)
      at Object.<anonymous> (src/lib/__tests__/treatment-exchange.test.ts:161:81)

  ÔùÅ TreatmentExchangeService ÔÇ║ sendExchangeRequest ÔÇ║ should throw error when recipient has treatment exchange 
disabled

    expect(received).rejects.toThrow(expected)

    Expected substring: "treatment exchange not enabled"
    Received message:   "Invalid ID format. Please refresh the page and try again."

          239 |       if (requesterId.length < 30 || recipientId.length < 30) {
          240 |         console.error('Invalid UUID format:', { requesterId, recipientId });
        > 241 |         throw new Error('Invalid ID format. Please refresh the page and try again.');
              |               ^
          242 |       }
          243 |       
          244 |       // Get actual credit cost from backend RPC function for accurate calculation

      at Function.<anonymous> (src/lib/treatment-exchange.ts:241:15)
      at src/lib/treatment-exchange.ts:16:71
      at __awaiter (src/lib/treatment-exchange.ts:12:12)
      at Function.sendExchangeRequest (src/lib/treatment-exchange.ts:203:16)
      at src/lib/__tests__/treatment-exchange.test.ts:248:34
      at src/lib/__tests__/treatment-exchange.test.ts:11:71
      at __awaiter (src/lib/__tests__/treatment-exchange.test.ts:7:12)
      at Object.<anonymous> (src/lib/__tests__/treatment-exchange.test.ts:215:88)
      at Object.toThrow (../node_modules/expect/build/index.js:2155:20)
      at src/lib/__tests__/treatment-exchange.test.ts:253:17
      at src/lib/__tests__/treatment-exchange.test.ts:11:71
      at __awaiter (src/lib/__tests__/treatment-exchange.test.ts:7:12)
      at Object.<anonymous> (src/lib/__tests__/treatment-exchange.test.ts:215:88)

  ÔùÅ TreatmentExchangeService ÔÇ║ sendExchangeRequest ÔÇ║ should throw error when there is an existing pending request

    expect(received).rejects.toThrow(expected)

    Expected substring: "already have a pending request"
    Received message:   "Invalid ID format. Please refresh the page and try again."

          239 |       if (requesterId.length < 30 || recipientId.length < 30) {
          240 |         console.error('Invalid UUID format:', { requesterId, recipientId });
        > 241 |         throw new Error('Invalid ID format. Please refresh the page and try again.');
              |               ^
          242 |       }
          243 |       
          244 |       // Get actual credit cost from backend RPC function for accurate calculation

      at Function.<anonymous> (src/lib/treatment-exchange.ts:241:15)
      at src/lib/treatment-exchange.ts:16:71
      at __awaiter (src/lib/treatment-exchange.ts:12:12)
      at Function.sendExchangeRequest (src/lib/treatment-exchange.ts:203:16)
      at src/lib/__tests__/treatment-exchange.test.ts:314:34
      at src/lib/__tests__/treatment-exchange.test.ts:11:71
      at __awaiter (src/lib/__tests__/treatment-exchange.test.ts:7:12)
      at Object.<anonymous> (src/lib/__tests__/treatment-exchange.test.ts:256:83)
      at Object.toThrow (../node_modules/expect/build/index.js:2155:20)
      at src/lib/__tests__/treatment-exchange.test.ts:319:17
      at src/lib/__tests__/treatment-exchange.test.ts:11:71
      at __awaiter (src/lib/__tests__/treatment-exchange.test.ts:7:12)
      at Object.<anonymous> (src/lib/__tests__/treatment-exchange.test.ts:256:83)

  ÔùÅ TreatmentExchangeService ÔÇ║ acceptExchangeRequest ÔÇ║ should throw error when request is not found

    expect(received).rejects.toThrow(expected)

    Expected substring: "Request not found"
    Received message:   "This request is no longer available (status: undefined)"

          525 |           'cancelled': 'This request has been cancelled'
          526 |         };
        > 527 |         throw new Error(statusMessages[requestCheck.status] || `This request is no longer available 
(status: ${requestCheck.status})`);
              |               ^
          528 |       }
          529 |
          530 |       // Now get the full request data

      at Function.<anonymous> (src/lib/treatment-exchange.ts:527:15)
      at fulfilled (src/lib/treatment-exchange.ts:13:58)
      at Object.toThrow (../node_modules/expect/build/index.js:2155:20)
      at src/lib/__tests__/treatment-exchange.test.ts:350:17
      at src/lib/__tests__/treatment-exchange.test.ts:11:71
      at __awaiter (src/lib/__tests__/treatment-exchange.test.ts:7:12)
      at Object.<anonymous> (src/lib/__tests__/treatment-exchange.test.ts:337:67)

  ÔùÅ TreatmentExchangeService ÔÇ║ acceptExchangeRequest ÔÇ║ should throw error when request has expired

    expect(received).rejects.toThrow(expected)

    Expected substring: "Request has expired"
    Received message:   "This request is no longer available (status: undefined)"

          525 |           'cancelled': 'This request has been cancelled'
          526 |         };
        > 527 |         throw new Error(statusMessages[requestCheck.status] || `This request is no longer available 
(status: ${requestCheck.status})`);
              |               ^
          528 |       }
          529 |
          530 |       // Now get the full request data

      at Function.<anonymous> (src/lib/treatment-exchange.ts:527:15)
      at fulfilled (src/lib/treatment-exchange.ts:13:58)
      at Object.toThrow (../node_modules/expect/build/index.js:2155:20)
      at src/lib/__tests__/treatment-exchange.test.ts:371:17
      at src/lib/__tests__/treatment-exchange.test.ts:11:71
      at __awaiter (src/lib/__tests__/treatment-exchange.test.ts:7:12)
      at Object.<anonymous> (src/lib/__tests__/treatment-exchange.test.ts:353:66)

  ÔùÅ TreatmentExchangeService ÔÇ║ cancelExchangeSession ÔÇ║ should throw error when session is already cancelled

    expect(received).rejects.toThrow(expected)

    Expected substring: "Session already cancelled"
    Received message:   "client_1.supabase.from(...).select(...).eq(...).single is not a function"

          1544 |         .select('*')
          1545 |         .eq('id', sessionId)
        > 1546 |         .single();
               |          ^
          1547 |
          1548 |       if (sessionError || !session) {
          1549 |         throw new Error('Session not found');

      at Function.<anonymous> (src/lib/treatment-exchange.ts:1546:10)
      at src/lib/treatment-exchange.ts:16:71
      at __awaiter (src/lib/treatment-exchange.ts:12:12)
      at Function.cancelExchangeSession (src/lib/treatment-exchange.ts:1307:16)
      at src/lib/__tests__/treatment-exchange.test.ts:495:34
      at src/lib/__tests__/treatment-exchange.test.ts:11:71
      at __awaiter (src/lib/__tests__/treatment-exchange.test.ts:7:12)
      at Object.<anonymous> (src/lib/__tests__/treatment-exchange.test.ts:481:75)
      at Object.toThrow (../node_modules/expect/build/index.js:2155:20)
      at src/lib/__tests__/treatment-exchange.test.ts:496:17
      at src/lib/__tests__/treatment-exchange.test.ts:11:71
      at __awaiter (src/lib/__tests__/treatment-exchange.test.ts:7:12)
      at Object.<anonymous> (src/lib/__tests__/treatment-exchange.test.ts:481:75)

  ÔùÅ TreatmentExchangeService ÔÇ║ cancelExchangeSession ÔÇ║ should throw error when session is completed

    expect(received).rejects.toThrow(expected)

    Expected substring: "Cannot cancel completed session"
    Received message:   "client_1.supabase.from(...).select(...).eq(...).single is not a function"

          1565 |         .select('id, recipient_booking_request_id')
          1566 |         .eq('id', session.exchange_request_id)
        > 1567 |         .single();
               |          ^
          1568 |
          1569 |       if (!requestError && exchangeRequest?.recipient_booking_request_id) {
          1570 |         // This is a reciprocal booking (has recipient_booking_request_id pointing to original)

      at Function.<anonymous> (src/lib/treatment-exchange.ts:1567:10)
      at fulfilled (src/lib/treatment-exchange.ts:13:58)
      at Object.toThrow (../node_modules/expect/build/index.js:2155:20)
      at src/lib/__tests__/treatment-exchange.test.ts:514:17
      at src/lib/__tests__/treatment-exchange.test.ts:11:71
      at __awaiter (src/lib/__tests__/treatment-exchange.test.ts:7:12)
      at Object.<anonymous> (src/lib/__tests__/treatment-exchange.test.ts:499:67)

  ÔùÅ TreatmentExchangeService ÔÇ║ cancelExchangeSession ÔÇ║ should calculate 100% refund for cancellation 24+ hours 
before session

    TypeError: client_1.supabase.from(...).update is not a function

      1613 |       await supabase
      1614 |         .from('mutual_exchange_sessions')
    > 1615 |         .update({
           |          ^
      1616 |           status: 'cancelled',
      1617 |           cancelled_at: new Date().toISOString(),
      1618 |           cancelled_by: cancelledBy,

      at Function.<anonymous> (src/lib/treatment-exchange.ts:1615:10)
      at fulfilled (src/lib/treatment-exchange.ts:13:58)

  ÔùÅ TreatmentExchangeService ÔÇ║ cancelExchangeSession ÔÇ║ should calculate 50% refund for cancellation 2-24 hours 
before session

    TypeError: client_1.supabase.from(...).select(...).eq(...).single is not a function

      1565 |         .select('id, recipient_booking_request_id')
      1566 |         .eq('id', session.exchange_request_id)
    > 1567 |         .single();
           |          ^
      1568 |
      1569 |       if (!requestError && exchangeRequest?.recipient_booking_request_id) {
      1570 |         // This is a reciprocal booking (has recipient_booking_request_id pointing to original)

      at Function.<anonymous> (src/lib/treatment-exchange.ts:1567:10)
      at fulfilled (src/lib/treatment-exchange.ts:13:58)

  ÔùÅ TreatmentExchangeService ÔÇ║ cancelExchangeSession ÔÇ║ should calculate 0% refund for cancellation less than 2 
hours before session

    TypeError: client_1.supabase.from(...).select is not a function

      1542 |       const { data: session, error: sessionError } = await supabase
      1543 |         .from('mutual_exchange_sessions')
    > 1544 |         .select('*')
           |          ^
      1545 |         .eq('id', sessionId)
      1546 |         .single();
      1547 |

      at Function.<anonymous> (src/lib/treatment-exchange.ts:1544:10)
      at src/lib/treatment-exchange.ts:16:71
      at __awaiter (src/lib/treatment-exchange.ts:12:12)
      at Function.cancelExchangeSession (src/lib/treatment-exchange.ts:1307:16)
      at src/lib/__tests__/treatment-exchange.test.ts:657:53
      at src/lib/__tests__/treatment-exchange.test.ts:11:71
      at __awaiter (src/lib/__tests__/treatment-exchange.test.ts:7:12)
      at Object.<anonymous> (src/lib/__tests__/treatment-exchange.test.ts:623:99)

  ÔùÅ TreatmentExchangeService ÔÇ║ sendExchangeRequest - Additional Cases ÔÇ║ should handle slot conflict detection

    expect(received).rejects.toThrow(expected)

    Expected substring: "Slot already booked"
    Received message:   "Invalid ID format. Please refresh the page and try again."

          239 |       if (requesterId.length < 30 || recipientId.length < 30) {
          240 |         console.error('Invalid UUID format:', { requesterId, recipientId });
        > 241 |         throw new Error('Invalid ID format. Please refresh the page and try again.');
              |               ^
          242 |       }
          243 |       
          244 |       // Get actual credit cost from backend RPC function for accurate calculation

      at Function.<anonymous> (src/lib/treatment-exchange.ts:241:15)
      at src/lib/treatment-exchange.ts:16:71
      at __awaiter (src/lib/treatment-exchange.ts:12:12)
      at Function.sendExchangeRequest (src/lib/treatment-exchange.ts:203:16)
      at src/lib/__tests__/treatment-exchange.test.ts:773:34
      at src/lib/__tests__/treatment-exchange.test.ts:11:71
      at __awaiter (src/lib/__tests__/treatment-exchange.test.ts:7:12)
      at Object.<anonymous> (src/lib/__tests__/treatment-exchange.test.ts:710:60)
      at Object.toThrow (../node_modules/expect/build/index.js:2155:20)
      at src/lib/__tests__/treatment-exchange.test.ts:778:17
      at src/lib/__tests__/treatment-exchange.test.ts:11:71
      at __awaiter (src/lib/__tests__/treatment-exchange.test.ts:7:12)
      at Object.<anonymous> (src/lib/__tests__/treatment-exchange.test.ts:710:60)

  ÔùÅ TreatmentExchangeService ÔÇ║ acceptExchangeRequest - Additional Cases ÔÇ║ should throw error when request is 
already accepted

    expect(received).rejects.toThrow(expected)

    Expected substring: "Request not found"
    Received message:   "client_1.supabase.from(...).select is not a function"

          504 |       const { data: requestCheck, error: checkError } = await supabase
          505 |         .from('treatment_exchange_requests')
        > 506 |         .select('id, status, expires_at, accepted_at, declined_at')
              |          ^
          507 |         .eq('id', requestId)
          508 |         .eq('recipient_id', recipientId)
          509 |         .maybeSingle();

      at Function.<anonymous> (src/lib/treatment-exchange.ts:506:10)
      at src/lib/treatment-exchange.ts:16:71
      at __awaiter (src/lib/treatment-exchange.ts:12:12)
      at Function.acceptExchangeRequest (src/lib/treatment-exchange.ts:433:16)
      at src/lib/__tests__/treatment-exchange.test.ts:813:34
      at src/lib/__tests__/treatment-exchange.test.ts:11:71
      at __awaiter (src/lib/__tests__/treatment-exchange.test.ts:7:12)
      at Object.<anonymous> (src/lib/__tests__/treatment-exchange.test.ts:796:74)
      at Object.toThrow (../node_modules/expect/build/index.js:2155:20)
      at src/lib/__tests__/treatment-exchange.test.ts:814:17
      at src/lib/__tests__/treatment-exchange.test.ts:11:71
      at __awaiter (src/lib/__tests__/treatment-exchange.test.ts:7:12)
      at Object.<anonymous> (src/lib/__tests__/treatment-exchange.test.ts:796:74)

  ÔùÅ TreatmentExchangeService ÔÇ║ acceptExchangeRequest - Additional Cases ÔÇ║ should successfully accept request 
with valid slot hold

    TypeError: client_1.supabase.from(...).select(...).eq is not a function

      505 |         .from('treatment_exchange_requests')
      506 |         .select('id, status, expires_at, accepted_at, declined_at')
    > 507 |         .eq('id', requestId)
          |          ^
      508 |         .eq('recipient_id', recipientId)
      509 |         .maybeSingle();
      510 |

      at Function.<anonymous> (src/lib/treatment-exchange.ts:507:10)
      at src/lib/treatment-exchange.ts:16:71
      at __awaiter (src/lib/treatment-exchange.ts:12:12)
      at Function.acceptExchangeRequest (src/lib/treatment-exchange.ts:433:16)
      at src/lib/__tests__/treatment-exchange.test.ts:941:53
      at src/lib/__tests__/treatment-exchange.test.ts:11:71
      at __awaiter (src/lib/__tests__/treatment-exchange.test.ts:7:12)
      at Object.<anonymous> (src/lib/__tests__/treatment-exchange.test.ts:817:78)

  ÔùÅ TreatmentExchangeService ÔÇ║ Slot Hold Management ÔÇ║ should create slot hold on request

    Invalid ID format. Please refresh the page and try again.

      239 |       if (requesterId.length < 30 || recipientId.length < 30) {
      240 |         console.error('Invalid UUID format:', { requesterId, recipientId });
    > 241 |         throw new Error('Invalid ID format. Please refresh the page and try again.');
          |               ^
      242 |       }
      243 |       
      244 |       // Get actual credit cost from backend RPC function for accurate calculation

      at Function.<anonymous> (src/lib/treatment-exchange.ts:241:15)
      at src/lib/treatment-exchange.ts:16:71
      at __awaiter (src/lib/treatment-exchange.ts:12:12)
      at Function.sendExchangeRequest (src/lib/treatment-exchange.ts:203:16)
      at src/lib/__tests__/treatment-exchange.test.ts:1076:53
      at fulfilled (src/lib/__tests__/treatment-exchange.test.ts:8:58)

FAIL src/lib/__tests__/notification-system.test.ts
  ÔùÅ Test suite failed to run

    TypeError: Cannot redefine property: location
        at Function.defineProperty (<anonymous>)

      13 |
      14 | // Mock window.location
    > 15 | Object.defineProperty(window, 'location', {
         |        ^
      16 |   value: {
      17 |     origin: 'https://theramate.co.uk',
      18 |   },

      at Object.<anonymous> (src/lib/__tests__/notification-system.test.ts:15:8)

Summary of all failing tests
FAIL src/components/ui/__tests__/button.test.tsx
  ÔùÅ Test suite failed to run

    Jest encountered an unexpected token

    Jest failed to parse a file. This happens e.g. when your code or its dependencies use non-standard JavaScript 
syntax, or when Jest is not configured to support such syntax.

    Out of the box Jest supports Babel, which will be used to transform your files into valid JS based on your Babel 
configuration.

    By default "node_modules" folder is ignored by transformers.

    Here's what you can do:
     ÔÇó If you are trying to use ECMAScript Modules, see https://jestjs.io/docs/ecmascript-modules for how to enable 
it.
     ÔÇó If you are trying to use TypeScript, see https://jestjs.io/docs/getting-started#using-typescript
     ÔÇó To have some of your "node_modules" files transformed, you can specify a custom "transformIgnorePatterns" in 
your config.
     ÔÇó If you need a custom transformation, specify a "transform" option in your config.
     ÔÇó If you simply want to mock your non-JS modules (e.g. binary assets) you can stub them out with the 
"moduleNameMapper" config option.

    You'll find more details and examples of these config options in the docs:
    https://jestjs.io/docs/configuration
    For information about custom transformations, see:
    https://jestjs.io/docs/code-transformation

    Details:

    C:\Users\rayma\Desktop\New folder\peer-care-connect\src\components\ui\__tests__\button.test.tsx:21
            (0, react_2.render)(<button_1.Button>Click me</button_1.Button>);
                                ^

    SyntaxError: Unexpected token '<'

      at Runtime.createScriptFromCode (../node_modules/jest-runtime/build/index.js:1318:40)

FAIL src/components/ui/__tests__/typography.test.tsx
  ÔùÅ Test suite failed to run

    Jest encountered an unexpected token

    Jest failed to parse a file. This happens e.g. when your code or its dependencies use non-standard JavaScript 
syntax, or when Jest is not configured to support such syntax.

    Out of the box Jest supports Babel, which will be used to transform your files into valid JS based on your Babel 
configuration.

    By default "node_modules" folder is ignored by transformers.

    Here's what you can do:
     ÔÇó If you are trying to use ECMAScript Modules, see https://jestjs.io/docs/ecmascript-modules for how to enable 
it.
     ÔÇó If you are trying to use TypeScript, see https://jestjs.io/docs/getting-started#using-typescript
     ÔÇó To have some of your "node_modules" files transformed, you can specify a custom "transformIgnorePatterns" in 
your config.
     ÔÇó If you need a custom transformation, specify a "transform" option in your config.
     ÔÇó If you simply want to mock your non-JS modules (e.g. binary assets) you can stub them out with the 
"moduleNameMapper" config option.

    You'll find more details and examples of these config options in the docs:
    https://jestjs.io/docs/configuration
    For information about custom transformations, see:
    https://jestjs.io/docs/code-transformation

    Details:

    C:\Users\rayma\Desktop\New folder\peer-care-connect\src\components\ui\__tests__\typography.test.tsx:39
            (0, react_1.render)(<typography_1.Typography variant="h1">Page title</typography_1.Typography>);
                                ^

    SyntaxError: Unexpected token '<'

      at Runtime.createScriptFromCode (../node_modules/jest-runtime/build/index.js:1318:40)

FAIL src/lib/__tests__/stripe-products.test.ts
  ÔùÅ stripe-products ÔÇ║ getPractitionerProducts ÔÇ║ returns user-friendly error when query fails

    expect(received).toMatch(expected)

    Expected pattern: /load|services|connection/i
    Received string:  "DB error"

      185 |
      186 |       expect(result.success).toBe(false);
    > 187 |       expect(result.error).toMatch(/load|services|connection/i);
          |                            ^
      188 |     });
      189 |   });
      190 | });

      at src/lib/__tests__/stripe-products.test.ts:187:28
      at fulfilled (src/lib/__tests__/stripe-products.test.ts:8:58)

FAIL src/components/marketplace/__tests__/BookingFlow.test.tsx
  ÔùÅ Test suite failed to run

    Jest encountered an unexpected token

    Jest failed to parse a file. This happens e.g. when your code or its dependencies use non-standard JavaScript 
syntax, or when Jest is not configured to support such syntax.

    Out of the box Jest supports Babel, which will be used to transform your files into valid JS based on your Babel 
configuration.

    By default "node_modules" folder is ignored by transformers.

    Here's what you can do:
     ÔÇó If you are trying to use ECMAScript Modules, see https://jestjs.io/docs/ecmascript-modules for how to enable 
it.
     ÔÇó If you are trying to use TypeScript, see https://jestjs.io/docs/getting-started#using-typescript
     ÔÇó To have some of your "node_modules" files transformed, you can specify a custom "transformIgnorePatterns" in 
your config.
     ÔÇó If you need a custom transformation, specify a "transform" option in your config.
     ÔÇó If you simply want to mock your non-JS modules (e.g. binary assets) you can stub them out with the 
"moduleNameMapper" config option.

    You'll find more details and examples of these config options in the docs:
    https://jestjs.io/docs/configuration
    For information about custom transformations, see:
    https://jestjs.io/docs/code-transformation

    Details:

    C:\Users\rayma\Desktop\New folder\peer-care-connect\src\components\marketplace\__tests__\BookingFlow.test.tsx:86
            (0, react_1.render)(<BookingFlow_1.BookingFlow open={true} onOpenChange={() => { }} 
practitioner={mockPractitioner}/>);
                                ^

    SyntaxError: Unexpected token '<'

      at Runtime.createScriptFromCode (../node_modules/jest-runtime/build/index.js:1318:40)

FAIL src/components/marketplace/__tests__/GuestBookingFlow.test.tsx
  ÔùÅ Test suite failed to run

    Jest encountered an unexpected token

    Jest failed to parse a file. This happens e.g. when your code or its dependencies use non-standard JavaScript 
syntax, or when Jest is not configured to support such syntax.

    Out of the box Jest supports Babel, which will be used to transform your files into valid JS based on your Babel 
configuration.

    By default "node_modules" folder is ignored by transformers.

    Here's what you can do:
     ÔÇó If you are trying to use ECMAScript Modules, see https://jestjs.io/docs/ecmascript-modules for how to enable 
it.
     ÔÇó If you are trying to use TypeScript, see https://jestjs.io/docs/getting-started#using-typescript
     ÔÇó To have some of your "node_modules" files transformed, you can specify a custom "transformIgnorePatterns" in 
your config.
     ÔÇó If you need a custom transformation, specify a "transform" option in your config.
     ÔÇó If you simply want to mock your non-JS modules (e.g. binary assets) you can stub them out with the 
"moduleNameMapper" config option.

    You'll find more details and examples of these config options in the docs:
    https://jestjs.io/docs/configuration
    For information about custom transformations, see:
    https://jestjs.io/docs/code-transformation

    Details:

    C:\Users\rayma\Desktop\New 
folder\peer-care-connect\src\components\marketplace\__tests__\GuestBookingFlow.test.tsx:76
            (0, react_1.render)(<GuestBookingFlow_1.GuestBookingFlow practitioner={mockPractitioner} onClose={() => { 
}}/>);
                                ^

    SyntaxError: Unexpected token '<'

      at Runtime.createScriptFromCode (../node_modules/jest-runtime/build/index.js:1318:40)

FAIL src/components/ui/__tests__/card.test.tsx
  ÔùÅ Test suite failed to run

    Jest encountered an unexpected token

    Jest failed to parse a file. This happens e.g. when your code or its dependencies use non-standard JavaScript 
syntax, or when Jest is not configured to support such syntax.

    Out of the box Jest supports Babel, which will be used to transform your files into valid JS based on your Babel 
configuration.

    By default "node_modules" folder is ignored by transformers.

    Here's what you can do:
     ÔÇó If you are trying to use ECMAScript Modules, see https://jestjs.io/docs/ecmascript-modules for how to enable 
it.
     ÔÇó If you are trying to use TypeScript, see https://jestjs.io/docs/getting-started#using-typescript
     ÔÇó To have some of your "node_modules" files transformed, you can specify a custom "transformIgnorePatterns" in 
your config.
     ÔÇó If you need a custom transformation, specify a "transform" option in your config.
     ÔÇó If you simply want to mock your non-JS modules (e.g. binary assets) you can stub them out with the 
"moduleNameMapper" config option.

    You'll find more details and examples of these config options in the docs:
    https://jestjs.io/docs/configuration
    For information about custom transformations, see:
    https://jestjs.io/docs/code-transformation

    Details:

    C:\Users\rayma\Desktop\New folder\peer-care-connect\src\components\ui\__tests__\card.test.tsx:12
            (0, react_2.render)(<card_1.Card>
                                ^

    SyntaxError: Unexpected token '<'

      at Runtime.createScriptFromCode (../node_modules/jest-runtime/build/index.js:1318:40)

FAIL src/lib/__tests__/role-management.test.ts
  ÔùÅ RoleManager ÔÇ║ setPendingRole ÔÇ║ should store role in sessionStorage with timestamp and ID

    TypeError: role_management_1.RoleManager.setPendingRole is not a function

      12 |     it('should store role in sessionStorage with timestamp and ID', () => {
      13 |       const role: UserRole = 'client';
    > 14 |       RoleManager.setPendingRole(role);
         |                   ^
      15 |
      16 |       const stored = sessionStorage.getItem('pending_user_role');
      17 |       expect(stored).toBeTruthy();

      at Object.<anonymous> (src/lib/__tests__/role-management.test.ts:14:19)

  ÔùÅ RoleManager ÔÇ║ setPendingRole ÔÇ║ should overwrite previous pending role

    TypeError: role_management_1.RoleManager.setPendingRole is not a function

      24 |
      25 |     it('should overwrite previous pending role', () => {
    > 26 |       RoleManager.setPendingRole('client');
         |                   ^
      27 |       RoleManager.setPendingRole('sports_therapist');
      28 |
      29 |       const stored = sessionStorage.getItem('pending_user_role');

      at Object.<anonymous> (src/lib/__tests__/role-management.test.ts:26:19)

  ÔùÅ RoleManager ÔÇ║ consumePendingRole ÔÇ║ should return and remove pending role

    TypeError: role_management_1.RoleManager.setPendingRole is not a function

      36 |     it('should return and remove pending role', () => {
      37 |       const role: UserRole = 'client';
    > 38 |       RoleManager.setPendingRole(role);
         |                   ^
      39 |
      40 |       const consumed = RoleManager.consumePendingRole();
      41 |       expect(consumed).toBe(role);

      at Object.<anonymous> (src/lib/__tests__/role-management.test.ts:38:19)

  ÔùÅ RoleManager ÔÇ║ consumePendingRole ÔÇ║ should return null if no pending role

    TypeError: role_management_1.RoleManager.consumePendingRole is not a function

      47 |
      48 |     it('should return null if no pending role', () => {
    > 49 |       const consumed = RoleManager.consumePendingRole();
         |                                    ^
      50 |       expect(consumed).toBeNull();
      51 |     });
      52 |

      at Object.<anonymous> (src/lib/__tests__/role-management.test.ts:49:36)

  ÔùÅ RoleManager ÔÇ║ consumePendingRole ÔÇ║ should return null for expired role

    TypeError: role_management_1.RoleManager.setPendingRole is not a function

      53 |     it('should return null for expired role', () => {
      54 |       const role: UserRole = 'client';
    > 55 |       RoleManager.setPendingRole(role);
         |                   ^
      56 |
      57 |       // Mock expired timestamp (31 minutes ago)
      58 |       const expiredData = {

      at Object.<anonymous> (src/lib/__tests__/role-management.test.ts:55:19)

  ÔùÅ RoleManager ÔÇ║ consumePendingRole ÔÇ║ should return null for invalid role

    TypeError: role_management_1.RoleManager.consumePendingRole is not a function

      75 |       sessionStorage.setItem('pending_user_role', JSON.stringify(invalidData));
      76 |
    > 77 |       const consumed = RoleManager.consumePendingRole();
         |                                    ^
      78 |       expect(consumed).toBeNull();
      79 |     });
      80 |

      at Object.<anonymous> (src/lib/__tests__/role-management.test.ts:77:36)

  ÔùÅ RoleManager ÔÇ║ consumePendingRole ÔÇ║ should handle corrupted sessionStorage data gracefully

    TypeError: role_management_1.RoleManager.consumePendingRole is not a function

      82 |       sessionStorage.setItem('pending_user_role', 'invalid-json');
      83 |
    > 84 |       const consumed = RoleManager.consumePendingRole();
         |                                    ^
      85 |       expect(consumed).toBeNull();
      86 |     });
      87 |   });

      at Object.<anonymous> (src/lib/__tests__/role-management.test.ts:84:36)

  ÔùÅ RoleManager ÔÇ║ assignRole ÔÇ║ should update user role in database

    TypeError: role_management_1.RoleManager.assignRole is not a function

      109 |       }));
      110 |
    > 111 |       const result = await RoleManager.assignRole(userId, role);
          |                                        ^
      112 |       expect(result).toBe(true);
      113 |     });
      114 |

      at src/lib/__tests__/role-management.test.ts:111:40
      at src/lib/__tests__/role-management.test.ts:8:71
      at __awaiter (src/lib/__tests__/role-management.test.ts:4:12)
      at Object.<anonymous> (src/lib/__tests__/role-management.test.ts:90:58)

  ÔùÅ RoleManager ÔÇ║ assignRole ÔÇ║ should handle database errors gracefully

    TypeError: role_management_1.RoleManager.assignRole is not a function

      133 |       }));
      134 |
    > 135 |       const result = await RoleManager.assignRole(userId, role);
          |                                        ^
      136 |       expect(result).toBe(false);
      137 |     });
      138 |   });

      at src/lib/__tests__/role-management.test.ts:135:40
      at src/lib/__tests__/role-management.test.ts:8:71
      at __awaiter (src/lib/__tests__/role-management.test.ts:4:12)
      at Object.<anonymous> (src/lib/__tests__/role-management.test.ts:115:63)

  ÔùÅ RoleManager ÔÇ║ clearAllRoleState ÔÇ║ should clear all role-related state

    TypeError: Cannot redefine property: location
        at Function.defineProperty (<anonymous>)

      148 |       // Mock URL with intendedRole parameter
      149 |       const mockUrl = new URL('http://localhost:3000/auth/callback?intendedRole=client');
    > 150 |       Object.defineProperty(window, 'location', {
          |              ^
      151 |         value: mockUrl,
      152 |         writable: true,
      153 |       });

      at Object.<anonymous> (src/lib/__tests__/role-management.test.ts:150:14)

  ÔùÅ isValidRole ÔÇ║ should return true for valid roles

    TypeError: Cannot read properties of undefined (reading 'ROLE_PERMISSIONS')

      63 |    */
      64 |   static isValidRole(role: string): role is UserRole {
    > 65 |     return Object.keys(this.ROLE_PERMISSIONS).includes(role);
         |                             ^
      66 |   }
      67 |
      68 |   /**

      at isValidRole (src/lib/role-management.ts:65:29)
      at Object.<anonymous> (src/lib/__tests__/role-management.test.ts:167:23)

  ÔùÅ isValidRole ÔÇ║ should return false for invalid roles

    TypeError: Cannot read properties of undefined (reading 'ROLE_PERMISSIONS')

      63 |    */
      64 |   static isValidRole(role: string): role is UserRole {
    > 65 |     return Object.keys(this.ROLE_PERMISSIONS).includes(role);
         |                             ^
      66 |   }
      67 |
      68 |   /**

      at isValidRole (src/lib/role-management.ts:65:29)
      at Object.<anonymous> (src/lib/__tests__/role-management.test.ts:175:23)

  ÔùÅ RoleManager Integration ÔÇ║ should handle complete role assignment flow

    TypeError: role_management_1.RoleManager.setPendingRole is not a function

      186 |
      187 |     // 1. Set pending role
    > 188 |     RoleManager.setPendingRole(role);
          |                 ^
      189 |     expect(sessionStorage.getItem('pending_user_role')).toBeTruthy();
      190 |
      191 |     // 2. Consume pending role

      at src/lib/__tests__/role-management.test.ts:188:17
      at src/lib/__tests__/role-management.test.ts:8:71
      at __awaiter (src/lib/__tests__/role-management.test.ts:4:12)
      at Object.<anonymous> (src/lib/__tests__/role-management.test.ts:183:64)

  ÔùÅ RoleManager Integration ÔÇ║ should handle role assignment failure gracefully

    TypeError: role_management_1.RoleManager.setPendingRole is not a function

      219 |
      220 |     // Set and consume role
    > 221 |     RoleManager.setPendingRole(role);
          |                 ^
      222 |     const consumed = RoleManager.consumePendingRole();
      223 |     expect(consumed).toBe(role);
      224 |

      at src/lib/__tests__/role-management.test.ts:221:17
      at src/lib/__tests__/role-management.test.ts:8:71
      at __awaiter (src/lib/__tests__/role-management.test.ts:4:12)
      at Object.<anonymous> (src/lib/__tests__/role-management.test.ts:216:69)

FAIL src/components/forms/__tests__/PreAssessmentForm.test.tsx
  ÔùÅ Test suite failed to run

    Jest encountered an unexpected token

    Jest failed to parse a file. This happens e.g. when your code or its dependencies use non-standard JavaScript 
syntax, or when Jest is not configured to support such syntax.

    Out of the box Jest supports Babel, which will be used to transform your files into valid JS based on your Babel 
configuration.

    By default "node_modules" folder is ignored by transformers.

    Here's what you can do:
     ÔÇó If you are trying to use ECMAScript Modules, see https://jestjs.io/docs/ecmascript-modules for how to enable 
it.
     ÔÇó If you are trying to use TypeScript, see https://jestjs.io/docs/getting-started#using-typescript
     ÔÇó To have some of your "node_modules" files transformed, you can specify a custom "transformIgnorePatterns" in 
your config.
     ÔÇó If you need a custom transformation, specify a "transform" option in your config.
     ÔÇó If you simply want to mock your non-JS modules (e.g. binary assets) you can stub them out with the 
"moduleNameMapper" config option.

    You'll find more details and examples of these config options in the docs:
    https://jestjs.io/docs/configuration
    For information about custom transformations, see:
    https://jestjs.io/docs/code-transformation

    Details:

    C:\Users\rayma\Desktop\New folder\peer-care-connect\src\components\forms\__tests__\PreAssessmentForm.test.tsx:59
            (0, react_1.render)(<PreAssessmentForm_1.PreAssessmentForm {...defaultProps}/>);
                                ^

    SyntaxError: Unexpected token '<'

      at Runtime.createScriptFromCode (../node_modules/jest-runtime/build/index.js:1318:40)

FAIL src/services/__tests__/bookingService.test.ts
  ÔùÅ Test suite failed to run

    ReferenceError: Cannot access 'supabase_test_client_1' before initialization

      18 | // Mock the Supabase client
      19 | jest.mock('@/integrations/supabase/client', () => ({
    > 20 |   supabase: createTestSupabaseClient(),
         |             ^
      21 | }));
      22 |
      23 | // Mock fetch for Stripe API calls

      at src/services/__tests__/bookingService.test.ts:20:13
      at Object.<anonymous> (src/services/bookingService.ts:6:1)
      at Object.<anonymous> (src/services/__tests__/bookingService.test.ts:5:1)

FAIL src/lib/__tests__/supabase-integration.test.ts
  ÔùÅ Test suite failed to run

    Cannot find module '../src/integrations/supabase/client' from 'src/lib/__tests__/supabase-integration.test.ts'

      4 |
      5 | // Mock Supabase client
    > 6 | jest.mock('../src/integrations/supabase/client', () => ({
        |      ^
      7 |   supabase: {
      8 |     from: jest.fn(() => ({
      9 |       select: jest.fn().mockReturnThis(),

      at Resolver._throwModNotFoundError (../node_modules/jest-resolve/build/index.js:863:11)
      at Object.<anonymous> (src/lib/__tests__/supabase-integration.test.ts:6:6)

FAIL src/services/__tests__/stripeService.test.ts
  ÔùÅ Test suite failed to run

    TypeError: stripe_1.Stripe is not a constructor

       7 |
       8 | // Initialize Stripe (you'll need to add your secret key)
    >  9 | const stripe = new Stripe(process.env.REACT_APP_STRIPE_SECRET_KEY || '', {
         |                ^
      10 |   apiVersion: '2024-06-20',
      11 | });
      12 |

      at Object.<anonymous> (src/services/stripeService.ts:9:16)
      at Object.<anonymous> (src/services/__tests__/stripeService.test.ts:5:1)

FAIL src/components/__tests__/SimpleProtectedRoute.test.tsx
  ÔùÅ Test suite failed to run

    Jest encountered an unexpected token

    Jest failed to parse a file. This happens e.g. when your code or its dependencies use non-standard JavaScript 
syntax, or when Jest is not configured to support such syntax.

    Out of the box Jest supports Babel, which will be used to transform your files into valid JS based on your Babel 
configuration.

    By default "node_modules" folder is ignored by transformers.

    Here's what you can do:
     ÔÇó If you are trying to use ECMAScript Modules, see https://jestjs.io/docs/ecmascript-modules for how to enable 
it.
     ÔÇó If you are trying to use TypeScript, see https://jestjs.io/docs/getting-started#using-typescript
     ÔÇó To have some of your "node_modules" files transformed, you can specify a custom "transformIgnorePatterns" in 
your config.
     ÔÇó If you need a custom transformation, specify a "transform" option in your config.
     ÔÇó If you simply want to mock your non-JS modules (e.g. binary assets) you can stub them out with the 
"moduleNameMapper" config option.

    You'll find more details and examples of these config options in the docs:
    https://jestjs.io/docs/configuration
    For information about custom transformations, see:
    https://jestjs.io/docs/code-transformation

    Details:

    C:\Users\rayma\Desktop\New folder\peer-care-connect\src\components\__tests__\SimpleProtectedRoute.test.tsx:12
        return (<react_query_1.QueryClientProvider client={queryClient}>
                ^

    SyntaxError: Unexpected token '<'

      at Runtime.createScriptFromCode (../node_modules/jest-runtime/build/index.js:1318:40)

FAIL src/components/__tests__/AuthRouter.protected.test.tsx
  ÔùÅ Test suite failed to run

    Jest encountered an unexpected token

    Jest failed to parse a file. This happens e.g. when your code or its dependencies use non-standard JavaScript 
syntax, or when Jest is not configured to support such syntax.

    Out of the box Jest supports Babel, which will be used to transform your files into valid JS based on your Babel 
configuration.

    By default "node_modules" folder is ignored by transformers.

    Here's what you can do:
     ÔÇó If you are trying to use ECMAScript Modules, see https://jestjs.io/docs/ecmascript-modules for how to enable 
it.
     ÔÇó If you are trying to use TypeScript, see https://jestjs.io/docs/getting-started#using-typescript
     ÔÇó To have some of your "node_modules" files transformed, you can specify a custom "transformIgnorePatterns" in 
your config.
     ÔÇó If you need a custom transformation, specify a "transform" option in your config.
     ÔÇó If you simply want to mock your non-JS modules (e.g. binary assets) you can stub them out with the 
"moduleNameMapper" config option.

    You'll find more details and examples of these config options in the docs:
    https://jestjs.io/docs/configuration
    For information about custom transformations, see:
    https://jestjs.io/docs/code-transformation

    Details:

    C:\Users\rayma\Desktop\New folder\peer-care-connect\src\components\__tests__\AuthRouter.protected.test.tsx:21
            (0, react_2.render)(<react_query_1.QueryClientProvider client={queryClient}>
                                ^

    SyntaxError: Unexpected token '<'

      at Runtime.createScriptFromCode (../node_modules/jest-runtime/build/index.js:1318:40)

FAIL src/components/__tests__/quick-wins.test.tsx
  ÔùÅ Test suite failed to run

    Jest encountered an unexpected token

    Jest failed to parse a file. This happens e.g. when your code or its dependencies use non-standard JavaScript 
syntax, or when Jest is not configured to support such syntax.

    Out of the box Jest supports Babel, which will be used to transform your files into valid JS based on your Babel 
configuration.

    By default "node_modules" folder is ignored by transformers.

    Here's what you can do:
     ÔÇó If you are trying to use ECMAScript Modules, see https://jestjs.io/docs/ecmascript-modules for how to enable 
it.
     ÔÇó If you are trying to use TypeScript, see https://jestjs.io/docs/getting-started#using-typescript
     ÔÇó To have some of your "node_modules" files transformed, you can specify a custom "transformIgnorePatterns" in 
your config.
     ÔÇó If you need a custom transformation, specify a "transform" option in your config.
     ÔÇó If you simply want to mock your non-JS modules (e.g. binary assets) you can stub them out with the 
"moduleNameMapper" config option.

    You'll find more details and examples of these config options in the docs:
    https://jestjs.io/docs/configuration
    For information about custom transformations, see:
    https://jestjs.io/docs/code-transformation

    Details:

    C:\Users\rayma\Desktop\New folder\peer-care-connect\src\components\__tests__\quick-wins.test.tsx:70
            (0, react_1.render)(<ProfileCompletionWidget_1.ProfileCompletionWidget userProfile={mockProfile}/>);
                                ^

    SyntaxError: Unexpected token '<'

      at Runtime.createScriptFromCode (../node_modules/jest-runtime/build/index.js:1318:40)

FAIL src/components/__tests__/Header.test.tsx
  ÔùÅ Test suite failed to run

    Jest encountered an unexpected token

    Jest failed to parse a file. This happens e.g. when your code or its dependencies use non-standard JavaScript 
syntax, or when Jest is not configured to support such syntax.

    Out of the box Jest supports Babel, which will be used to transform your files into valid JS based on your Babel 
configuration.

    By default "node_modules" folder is ignored by transformers.

    Here's what you can do:
     ÔÇó If you are trying to use ECMAScript Modules, see https://jestjs.io/docs/ecmascript-modules for how to enable 
it.
     ÔÇó If you are trying to use TypeScript, see https://jestjs.io/docs/getting-started#using-typescript
     ÔÇó To have some of your "node_modules" files transformed, you can specify a custom "transformIgnorePatterns" in 
your config.
     ÔÇó If you need a custom transformation, specify a "transform" option in your config.
     ÔÇó If you simply want to mock your non-JS modules (e.g. binary assets) you can stub them out with the 
"moduleNameMapper" config option.

    You'll find more details and examples of these config options in the docs:
    https://jestjs.io/docs/configuration
    For information about custom transformations, see:
    https://jestjs.io/docs/code-transformation

    Details:

    C:\Users\rayma\Desktop\New folder\peer-care-connect\src\components\__tests__\Header.test.tsx:21
            (0, react_2.render)(<react_query_1.QueryClientProvider client={queryClient}>
                                ^

    SyntaxError: Unexpected token '<'

      at Runtime.createScriptFromCode (../node_modules/jest-runtime/build/index.js:1318:40)

FAIL src/components/__tests__/AuthRouter.mock.test.tsx
  ÔùÅ Test suite failed to run

    Jest encountered an unexpected token

    Jest failed to parse a file. This happens e.g. when your code or its dependencies use non-standard JavaScript 
syntax, or when Jest is not configured to support such syntax.

    Out of the box Jest supports Babel, which will be used to transform your files into valid JS based on your Babel 
configuration.

    By default "node_modules" folder is ignored by transformers.

    Here's what you can do:
     ÔÇó If you are trying to use ECMAScript Modules, see https://jestjs.io/docs/ecmascript-modules for how to enable 
it.
     ÔÇó If you are trying to use TypeScript, see https://jestjs.io/docs/getting-started#using-typescript
     ÔÇó To have some of your "node_modules" files transformed, you can specify a custom "transformIgnorePatterns" in 
your config.
     ÔÇó If you need a custom transformation, specify a "transform" option in your config.
     ÔÇó If you simply want to mock your non-JS modules (e.g. binary assets) you can stub them out with the 
"moduleNameMapper" config option.

    You'll find more details and examples of these config options in the docs:
    https://jestjs.io/docs/configuration
    For information about custom transformations, see:
    https://jestjs.io/docs/code-transformation

    Details:

    C:\Users\rayma\Desktop\New folder\peer-care-connect\src\components\__tests__\AuthRouter.mock.test.tsx:60
            (0, react_2.render)(<react_query_1.QueryClientProvider client={queryClient}>
                                ^

    SyntaxError: Unexpected token '<'

      at Runtime.createScriptFromCode (../node_modules/jest-runtime/build/index.js:1318:40)

FAIL src/lib/__tests__/supabase-core.test.js
  ÔùÅ Test suite failed to run

    Cannot find module '../src/lib/role-management' from 'src/lib/__tests__/supabase-core.test.js'

    > 1 | const { RoleManager, isValidRole } = require('../src/lib/role-management');
        |                                      ^
      2 |
      3 | // Mock sessionStorage and localStorage
      4 | const mockSessionStorage = {

      at Resolver._throwModNotFoundError (../node_modules/jest-resolve/build/index.js:863:11)
      at Object.<anonymous> (src/lib/__tests__/supabase-core.test.js:1:38)

FAIL tests/integration/oauth-callback.test.ts
  ÔùÅ OAuth Callback Integration Tests ÔÇ║ Successful OAuth Flow ÔÇ║ should create user with intended role from signed 
state

    TypeError: test_utils_1.MockGoogleOAuth.generateMockIdToken is not a function

      42 |
      43 |       // 2. Mock Google token exchange
    > 44 |       const mockIdToken = MockGoogleOAuth.generateMockIdToken({
         |                                           ^
      45 |         email: 'test@example.com',
      46 |         sub: 'google-123',
      47 |         name: 'Test User',

      at tests/integration/oauth-callback.test.ts:44:43
      at tests/integration/oauth-callback.test.ts:8:71
      at __awaiter (tests/integration/oauth-callback.test.ts:4:12)
      at Object.<anonymous> (tests/integration/oauth-callback.test.ts:35:78)

  ÔùÅ OAuth Callback Integration Tests ÔÇ║ Successful OAuth Flow ÔÇ║ should handle existing user with role update

    TypeError: test_utils_1.TestUserFactory.createTestUser is not a function

      128 |
      129 |       // Mock existing user
    > 130 |       const existingUser = TestUserFactory.createTestUser({
          |                                            ^
      131 |         user_role: null, // No role assigned yet
      132 |       });
      133 |

      at tests/integration/oauth-callback.test.ts:130:44
      at tests/integration/oauth-callback.test.ts:8:71
      at __awaiter (tests/integration/oauth-callback.test.ts:4:12)
      at Object.<anonymous> (tests/integration/oauth-callback.test.ts:122:67)

  ÔùÅ OAuth Callback Integration Tests ÔÇ║ Error Handling ÔÇ║ should reject tampered state

    TypeError: test_utils_1.TestStateGenerator.generateTamperedState is not a function

      169 |   describe('Error Handling', () => {
      170 |     it('should reject tampered state', async () => {
    > 171 |       const tamperedState = TestStateGenerator.generateTamperedState({
          |                                                ^
      172 |         role: 'admin',
      173 |         nonce: 'test-nonce',
      174 |       });

      at tests/integration/oauth-callback.test.ts:171:48
      at tests/integration/oauth-callback.test.ts:8:71
      at __awaiter (tests/integration/oauth-callback.test.ts:4:12)
      at Object.<anonymous> (tests/integration/oauth-callback.test.ts:170:51)

  ÔùÅ OAuth Callback Integration Tests ÔÇ║ Error Handling ÔÇ║ should reject expired state

    TypeError: test_utils_1.TestStateGenerator.generateExpiredState is not a function

      179 |
      180 |     it('should reject expired state', async () => {
    > 181 |       const expiredState = TestStateGenerator.generateExpiredState({
          |                                               ^
      182 |         role: 'client',
      183 |         nonce: 'test-nonce',
      184 |       });

      at tests/integration/oauth-callback.test.ts:181:47
      at tests/integration/oauth-callback.test.ts:8:71
      at __awaiter (tests/integration/oauth-callback.test.ts:4:12)
      at Object.<anonymous> (tests/integration/oauth-callback.test.ts:180:50)

  ÔùÅ OAuth Callback Integration Tests ÔÇ║ Error Handling ÔÇ║ should handle database errors gracefully

    TypeError: test_utils_1.TestDatabaseHelpers.mockError is not a function

      206 |
      207 |       mockSupabase.from().single.mockResolvedValue(
    > 208 |         TestDatabaseHelpers.mockError('Database connection failed')
          |                             ^
      209 |       );
      210 |
      211 |       // Test error handling

      at tests/integration/oauth-callback.test.ts:208:29
      at tests/integration/oauth-callback.test.ts:8:71
      at __awaiter (tests/integration/oauth-callback.test.ts:4:12)
      at Object.<anonymous> (tests/integration/oauth-callback.test.ts:190:63)

  ÔùÅ OAuth Callback Integration Tests ÔÇ║ State Management ÔÇ║ should handle multiple role state sources correctly

    TypeError: role_management_1.RoleManager.setPendingRole is not a function

      268 |       
      269 |       // Set pending role (should take precedence)
    > 270 |       RoleManager.setPendingRole('osteopath');
          |                   ^
      271 |       
      272 |       const consumed = RoleManager.consumePendingRole();
      273 |       expect(consumed).toBe('osteopath');

      at Object.<anonymous> (tests/integration/oauth-callback.test.ts:270:19)

  ÔùÅ OAuth Callback Integration Tests ÔÇ║ State Management ÔÇ║ should clear all state after successful role assignment

    TypeError: role_management_1.RoleManager.setPendingRole is not a function

      278 |       localStorage.setItem('selectedRole', 'client');
      279 |       sessionStorage.setItem('intendedRole', 'sports_therapist');
    > 280 |       RoleManager.setPendingRole('massage_therapist');
          |                   ^
      281 |       
      282 |       // Clear all state
      283 |       RoleManager.clearAllRoleState();

      at Object.<anonymous> (tests/integration/oauth-callback.test.ts:280:19)

FAIL src/components/__tests__/AuthRouter.test.tsx
  ÔùÅ Test suite failed to run

    Jest encountered an unexpected token

    Jest failed to parse a file. This happens e.g. when your code or its dependencies use non-standard JavaScript 
syntax, or when Jest is not configured to support such syntax.

    Out of the box Jest supports Babel, which will be used to transform your files into valid JS based on your Babel 
configuration.

    By default "node_modules" folder is ignored by transformers.

    Here's what you can do:
     ÔÇó If you are trying to use ECMAScript Modules, see https://jestjs.io/docs/ecmascript-modules for how to enable 
it.
     ÔÇó If you are trying to use TypeScript, see https://jestjs.io/docs/getting-started#using-typescript
     ÔÇó To have some of your "node_modules" files transformed, you can specify a custom "transformIgnorePatterns" in 
your config.
     ÔÇó If you need a custom transformation, specify a "transform" option in your config.
     ÔÇó If you simply want to mock your non-JS modules (e.g. binary assets) you can stub them out with the 
"moduleNameMapper" config option.

    You'll find more details and examples of these config options in the docs:
    https://jestjs.io/docs/configuration
    For information about custom transformations, see:
    https://jestjs.io/docs/code-transformation

    Details:

    C:\Users\rayma\Desktop\New folder\peer-care-connect\src\components\__tests__\AuthRouter.test.tsx:21
        return <div data-testid="location-display">{location.pathname}</div>;
               ^

    SyntaxError: Unexpected token '<'

      at Runtime.createScriptFromCode (../node_modules/jest-runtime/build/index.js:1318:40)

FAIL src/components/__tests__/AuthCallback.test.tsx
  ÔùÅ Test suite failed to run

    Jest encountered an unexpected token

    Jest failed to parse a file. This happens e.g. when your code or its dependencies use non-standard JavaScript 
syntax, or when Jest is not configured to support such syntax.

    Out of the box Jest supports Babel, which will be used to transform your files into valid JS based on your Babel 
configuration.

    By default "node_modules" folder is ignored by transformers.

    Here's what you can do:
     ÔÇó If you are trying to use ECMAScript Modules, see https://jestjs.io/docs/ecmascript-modules for how to enable 
it.
     ÔÇó If you are trying to use TypeScript, see https://jestjs.io/docs/getting-started#using-typescript
     ÔÇó To have some of your "node_modules" files transformed, you can specify a custom "transformIgnorePatterns" in 
your config.
     ÔÇó If you need a custom transformation, specify a "transform" option in your config.
     ÔÇó If you simply want to mock your non-JS modules (e.g. binary assets) you can stub them out with the 
"moduleNameMapper" config option.

    You'll find more details and examples of these config options in the docs:
    https://jestjs.io/docs/configuration
    For information about custom transformations, see:
    https://jestjs.io/docs/code-transformation

    Details:

    C:\Users\rayma\Desktop\New folder\peer-care-connect\src\components\__tests__\AuthCallback.test.tsx:12
            (0, react_2.render)(<react_query_1.QueryClientProvider client={queryClient}>
                                ^

    SyntaxError: Unexpected token '<'

      at Runtime.createScriptFromCode (../node_modules/jest-runtime/build/index.js:1318:40)

FAIL src/lib/__tests__/onboarding-utils.test.ts
  ÔùÅ Test suite failed to run

    Cannot find module 'vitest' from 'src/lib/__tests__/onboarding-utils.test.ts'

      4 |  */
      5 |
    > 6 | import { describe, it, expect, beforeEach, vi } from 'vitest';
        | ^
      7 |
      8 | // Mock the mapping logic (extracted from onboarding-utils.ts)
      9 | function mapServicesToSpecializations(

      at Resolver._throwModNotFoundError (../node_modules/jest-resolve/build/index.js:863:11)
      at Object.<anonymous> (src/lib/__tests__/onboarding-utils.test.ts:6:1)

FAIL src/lib/__tests__/my-sessions-filters.test.ts
  ÔùÅ Test suite failed to run

    Cannot find module 'vitest' from 'src/lib/__tests__/my-sessions-filters.test.ts'

      3 |  */
      4 |
    > 5 | import { describe, it, expect, vi, beforeEach, afterEach } from 'vitest';
        | ^
      6 | import {
      7 |   filterSessions,
      8 |   getUniquePractitioners,

      at Resolver._throwModNotFoundError (../node_modules/jest-resolve/build/index.js:863:11)
      at Object.<anonymous> (src/lib/__tests__/my-sessions-filters.test.ts:5:1)

FAIL src/components/session/LiveSOAPNotes.test.tsx
  ÔùÅ Test suite failed to run

    Jest encountered an unexpected token

    Jest failed to parse a file. This happens e.g. when your code or its dependencies use non-standard JavaScript 
syntax, or when Jest is not configured to support such syntax.

    Out of the box Jest supports Babel, which will be used to transform your files into valid JS based on your Babel 
configuration.

    By default "node_modules" folder is ignored by transformers.

    Here's what you can do:
     ÔÇó If you are trying to use ECMAScript Modules, see https://jestjs.io/docs/ecmascript-modules for how to enable 
it.
     ÔÇó If you are trying to use TypeScript, see https://jestjs.io/docs/getting-started#using-typescript
     ÔÇó To have some of your "node_modules" files transformed, you can specify a custom "transformIgnorePatterns" in 
your config.
     ÔÇó If you need a custom transformation, specify a "transform" option in your config.
     ÔÇó If you simply want to mock your non-JS modules (e.g. binary assets) you can stub them out with the 
"moduleNameMapper" config option.

    You'll find more details and examples of these config options in the docs:
    https://jestjs.io/docs/configuration
    For information about custom transformations, see:
    https://jestjs.io/docs/code-transformation

    Details:

    C:\Users\rayma\Desktop\New folder\peer-care-connect\src\components\session\LiveSOAPNotes.test.tsx:72
        Mic: () => <div data-testid="icon-mic"/>,
                   ^

    SyntaxError: Unexpected token '<'

      at Runtime.createScriptFromCode (../node_modules/jest-runtime/build/index.js:1318:40)

FAIL src/lib/__tests__/treatment-exchange.test.ts
  ÔùÅ TreatmentExchangeService ÔÇ║ sendExchangeRequest ÔÇ║ should throw error when requester has insufficient credits

    expect(received).rejects.toThrow(expected)

    Expected substring: "Insufficient credits"
    Received message:   "Invalid ID format. Please refresh the page and try again."

          239 |       if (requesterId.length < 30 || recipientId.length < 30) {
          240 |         console.error('Invalid UUID format:', { requesterId, recipientId });
        > 241 |         throw new Error('Invalid ID format. Please refresh the page and try again.');
              |               ^
          242 |       }
          243 |       
          244 |       // Get actual credit cost from backend RPC function for accurate calculation

      at Function.<anonymous> (src/lib/treatment-exchange.ts:241:15)
      at src/lib/treatment-exchange.ts:16:71
      at __awaiter (src/lib/treatment-exchange.ts:12:12)
      at Function.sendExchangeRequest (src/lib/treatment-exchange.ts:203:16)
      at src/lib/__tests__/treatment-exchange.test.ts:175:34
      at src/lib/__tests__/treatment-exchange.test.ts:11:71
      at __awaiter (src/lib/__tests__/treatment-exchange.test.ts:7:12)
      at Object.<anonymous> (src/lib/__tests__/treatment-exchange.test.ts:161:81)
      at Object.toThrow (../node_modules/expect/build/index.js:2155:20)
      at src/lib/__tests__/treatment-exchange.test.ts:180:17
      at src/lib/__tests__/treatment-exchange.test.ts:11:71
      at __awaiter (src/lib/__tests__/treatment-exchange.test.ts:7:12)
      at Object.<anonymous> (src/lib/__tests__/treatment-exchange.test.ts:161:81)

  ÔùÅ TreatmentExchangeService ÔÇ║ sendExchangeRequest ÔÇ║ should throw error when recipient has treatment exchange 
disabled

    expect(received).rejects.toThrow(expected)

    Expected substring: "treatment exchange not enabled"
    Received message:   "Invalid ID format. Please refresh the page and try again."

          239 |       if (requesterId.length < 30 || recipientId.length < 30) {
          240 |         console.error('Invalid UUID format:', { requesterId, recipientId });
        > 241 |         throw new Error('Invalid ID format. Please refresh the page and try again.');
              |               ^
          242 |       }
          243 |       
          244 |       // Get actual credit cost from backend RPC function for accurate calculation

      at Function.<anonymous> (src/lib/treatment-exchange.ts:241:15)
      at src/lib/treatment-exchange.ts:16:71
      at __awaiter (src/lib/treatment-exchange.ts:12:12)
      at Function.sendExchangeRequest (src/lib/treatment-exchange.ts:203:16)
      at src/lib/__tests__/treatment-exchange.test.ts:248:34
      at src/lib/__tests__/treatment-exchange.test.ts:11:71
      at __awaiter (src/lib/__tests__/treatment-exchange.test.ts:7:12)
      at Object.<anonymous> (src/lib/__tests__/treatment-exchange.test.ts:215:88)
      at Object.toThrow (../node_modules/expect/build/index.js:2155:20)
      at src/lib/__tests__/treatment-exchange.test.ts:253:17
      at src/lib/__tests__/treatment-exchange.test.ts:11:71
      at __awaiter (src/lib/__tests__/treatment-exchange.test.ts:7:12)
      at Object.<anonymous> (src/lib/__tests__/treatment-exchange.test.ts:215:88)

  ÔùÅ TreatmentExchangeService ÔÇ║ sendExchangeRequest ÔÇ║ should throw error when there is an existing pending request

    expect(received).rejects.toThrow(expected)

    Expected substring: "already have a pending request"
    Received message:   "Invalid ID format. Please refresh the page and try again."

          239 |       if (requesterId.length < 30 || recipientId.length < 30) {
          240 |         console.error('Invalid UUID format:', { requesterId, recipientId });
        > 241 |         throw new Error('Invalid ID format. Please refresh the page and try again.');
              |               ^
          242 |       }
          243 |       
          244 |       // Get actual credit cost from backend RPC function for accurate calculation

      at Function.<anonymous> (src/lib/treatment-exchange.ts:241:15)
      at src/lib/treatment-exchange.ts:16:71
      at __awaiter (src/lib/treatment-exchange.ts:12:12)
      at Function.sendExchangeRequest (src/lib/treatment-exchange.ts:203:16)
      at src/lib/__tests__/treatment-exchange.test.ts:314:34
      at src/lib/__tests__/treatment-exchange.test.ts:11:71
      at __awaiter (src/lib/__tests__/treatment-exchange.test.ts:7:12)
      at Object.<anonymous> (src/lib/__tests__/treatment-exchange.test.ts:256:83)
      at Object.toThrow (../node_modules/expect/build/index.js:2155:20)
      at src/lib/__tests__/treatment-exchange.test.ts:319:17
      at src/lib/__tests__/treatment-exchange.test.ts:11:71
      at __awaiter (src/lib/__tests__/treatment-exchange.test.ts:7:12)
      at Object.<anonymous> (src/lib/__tests__/treatment-exchange.test.ts:256:83)

  ÔùÅ TreatmentExchangeService ÔÇ║ acceptExchangeRequest ÔÇ║ should throw error when request is not found

    expect(received).rejects.toThrow(expected)

    Expected substring: "Request not found"
    Received message:   "This request is no longer available (status: undefined)"

          525 |           'cancelled': 'This request has been cancelled'
          526 |         };
        > 527 |         throw new Error(statusMessages[requestCheck.status] || `This request is no longer available 
(status: ${requestCheck.status})`);
              |               ^
          528 |       }
          529 |
          530 |       // Now get the full request data

      at Function.<anonymous> (src/lib/treatment-exchange.ts:527:15)
      at fulfilled (src/lib/treatment-exchange.ts:13:58)
      at Object.toThrow (../node_modules/expect/build/index.js:2155:20)
      at src/lib/__tests__/treatment-exchange.test.ts:350:17
      at src/lib/__tests__/treatment-exchange.test.ts:11:71
      at __awaiter (src/lib/__tests__/treatment-exchange.test.ts:7:12)
      at Object.<anonymous> (src/lib/__tests__/treatment-exchange.test.ts:337:67)

  ÔùÅ TreatmentExchangeService ÔÇ║ acceptExchangeRequest ÔÇ║ should throw error when request has expired

    expect(received).rejects.toThrow(expected)

    Expected substring: "Request has expired"
    Received message:   "This request is no longer available (status: undefined)"

          525 |           'cancelled': 'This request has been cancelled'
          526 |         };
        > 527 |         throw new Error(statusMessages[requestCheck.status] || `This request is no longer available 
(status: ${requestCheck.status})`);
              |               ^
          528 |       }
          529 |
          530 |       // Now get the full request data

      at Function.<anonymous> (src/lib/treatment-exchange.ts:527:15)
      at fulfilled (src/lib/treatment-exchange.ts:13:58)
      at Object.toThrow (../node_modules/expect/build/index.js:2155:20)
      at src/lib/__tests__/treatment-exchange.test.ts:371:17
      at src/lib/__tests__/treatment-exchange.test.ts:11:71
      at __awaiter (src/lib/__tests__/treatment-exchange.test.ts:7:12)
      at Object.<anonymous> (src/lib/__tests__/treatment-exchange.test.ts:353:66)

  ÔùÅ TreatmentExchangeService ÔÇ║ cancelExchangeSession ÔÇ║ should throw error when session is already cancelled

    expect(received).rejects.toThrow(expected)

    Expected substring: "Session already cancelled"
    Received message:   "client_1.supabase.from(...).select(...).eq(...).single is not a function"

          1544 |         .select('*')
          1545 |         .eq('id', sessionId)
        > 1546 |         .single();
               |          ^
          1547 |
          1548 |       if (sessionError || !session) {
          1549 |         throw new Error('Session not found');

      at Function.<anonymous> (src/lib/treatment-exchange.ts:1546:10)
      at src/lib/treatment-exchange.ts:16:71
      at __awaiter (src/lib/treatment-exchange.ts:12:12)
      at Function.cancelExchangeSession (src/lib/treatment-exchange.ts:1307:16)
      at src/lib/__tests__/treatment-exchange.test.ts:495:34
      at src/lib/__tests__/treatment-exchange.test.ts:11:71
      at __awaiter (src/lib/__tests__/treatment-exchange.test.ts:7:12)
      at Object.<anonymous> (src/lib/__tests__/treatment-exchange.test.ts:481:75)
      at Object.toThrow (../node_modules/expect/build/index.js:2155:20)
      at src/lib/__tests__/treatment-exchange.test.ts:496:17
      at src/lib/__tests__/treatment-exchange.test.ts:11:71
      at __awaiter (src/lib/__tests__/treatment-exchange.test.ts:7:12)
      at Object.<anonymous> (src/lib/__tests__/treatment-exchange.test.ts:481:75)

  ÔùÅ TreatmentExchangeService ÔÇ║ cancelExchangeSession ÔÇ║ should throw error when session is completed

    expect(received).rejects.toThrow(expected)

    Expected substring: "Cannot cancel completed session"
    Received message:   "client_1.supabase.from(...).select(...).eq(...).single is not a function"

          1565 |         .select('id, recipient_booking_request_id')
          1566 |         .eq('id', session.exchange_request_id)
        > 1567 |         .single();
               |          ^
          1568 |
          1569 |       if (!requestError && exchangeRequest?.recipient_booking_request_id) {
          1570 |         // This is a reciprocal booking (has recipient_booking_request_id pointing to original)

      at Function.<anonymous> (src/lib/treatment-exchange.ts:1567:10)
      at fulfilled (src/lib/treatment-exchange.ts:13:58)
      at Object.toThrow (../node_modules/expect/build/index.js:2155:20)
      at src/lib/__tests__/treatment-exchange.test.ts:514:17
      at src/lib/__tests__/treatment-exchange.test.ts:11:71
      at __awaiter (src/lib/__tests__/treatment-exchange.test.ts:7:12)
      at Object.<anonymous> (src/lib/__tests__/treatment-exchange.test.ts:499:67)

  ÔùÅ TreatmentExchangeService ÔÇ║ cancelExchangeSession ÔÇ║ should calculate 100% refund for cancellation 24+ hours 
before session

    TypeError: client_1.supabase.from(...).update is not a function

      1613 |       await supabase
      1614 |         .from('mutual_exchange_sessions')
    > 1615 |         .update({
           |          ^
      1616 |           status: 'cancelled',
      1617 |           cancelled_at: new Date().toISOString(),
      1618 |           cancelled_by: cancelledBy,

      at Function.<anonymous> (src/lib/treatment-exchange.ts:1615:10)
      at fulfilled (src/lib/treatment-exchange.ts:13:58)

  ÔùÅ TreatmentExchangeService ÔÇ║ cancelExchangeSession ÔÇ║ should calculate 50% refund for cancellation 2-24 hours 
before session

    TypeError: client_1.supabase.from(...).select(...).eq(...).single is not a function

      1565 |         .select('id, recipient_booking_request_id')
      1566 |         .eq('id', session.exchange_request_id)
    > 1567 |         .single();
           |          ^
      1568 |
      1569 |       if (!requestError && exchangeRequest?.recipient_booking_request_id) {
      1570 |         // This is a reciprocal booking (has recipient_booking_request_id pointing to original)

      at Function.<anonymous> (src/lib/treatment-exchange.ts:1567:10)
      at fulfilled (src/lib/treatment-exchange.ts:13:58)

  ÔùÅ TreatmentExchangeService ÔÇ║ cancelExchangeSession ÔÇ║ should calculate 0% refund for cancellation less than 2 
hours before session

    TypeError: client_1.supabase.from(...).select is not a function

      1542 |       const { data: session, error: sessionError } = await supabase
      1543 |         .from('mutual_exchange_sessions')
    > 1544 |         .select('*')
           |          ^
      1545 |         .eq('id', sessionId)
      1546 |         .single();
      1547 |

      at Function.<anonymous> (src/lib/treatment-exchange.ts:1544:10)
      at src/lib/treatment-exchange.ts:16:71
      at __awaiter (src/lib/treatment-exchange.ts:12:12)
      at Function.cancelExchangeSession (src/lib/treatment-exchange.ts:1307:16)
      at src/lib/__tests__/treatment-exchange.test.ts:657:53
      at src/lib/__tests__/treatment-exchange.test.ts:11:71
      at __awaiter (src/lib/__tests__/treatment-exchange.test.ts:7:12)
      at Object.<anonymous> (src/lib/__tests__/treatment-exchange.test.ts:623:99)

  ÔùÅ TreatmentExchangeService ÔÇ║ sendExchangeRequest - Additional Cases ÔÇ║ should handle slot conflict detection

    expect(received).rejects.toThrow(expected)

    Expected substring: "Slot already booked"
    Received message:   "Invalid ID format. Please refresh the page and try again."

          239 |       if (requesterId.length < 30 || recipientId.length < 30) {
          240 |         console.error('Invalid UUID format:', { requesterId, recipientId });
        > 241 |         throw new Error('Invalid ID format. Please refresh the page and try again.');
              |               ^
          242 |       }
          243 |       
          244 |       // Get actual credit cost from backend RPC function for accurate calculation

      at Function.<anonymous> (src/lib/treatment-exchange.ts:241:15)
      at src/lib/treatment-exchange.ts:16:71
      at __awaiter (src/lib/treatment-exchange.ts:12:12)
      at Function.sendExchangeRequest (src/lib/treatment-exchange.ts:203:16)
      at src/lib/__tests__/treatment-exchange.test.ts:773:34
      at src/lib/__tests__/treatment-exchange.test.ts:11:71
      at __awaiter (src/lib/__tests__/treatment-exchange.test.ts:7:12)
      at Object.<anonymous> (src/lib/__tests__/treatment-exchange.test.ts:710:60)
      at Object.toThrow (../node_modules/expect/build/index.js:2155:20)
      at src/lib/__tests__/treatment-exchange.test.ts:778:17
      at src/lib/__tests__/treatment-exchange.test.ts:11:71
      at __awaiter (src/lib/__tests__/treatment-exchange.test.ts:7:12)
      at Object.<anonymous> (src/lib/__tests__/treatment-exchange.test.ts:710:60)

  ÔùÅ TreatmentExchangeService ÔÇ║ acceptExchangeRequest - Additional Cases ÔÇ║ should throw error when request is 
already accepted

    expect(received).rejects.toThrow(expected)

    Expected substring: "Request not found"
    Received message:   "client_1.supabase.from(...).select is not a function"

          504 |       const { data: requestCheck, error: checkError } = await supabase
          505 |         .from('treatment_exchange_requests')
        > 506 |         .select('id, status, expires_at, accepted_at, declined_at')
              |          ^
          507 |         .eq('id', requestId)
          508 |         .eq('recipient_id', recipientId)
          509 |         .maybeSingle();

      at Function.<anonymous> (src/lib/treatment-exchange.ts:506:10)
      at src/lib/treatment-exchange.ts:16:71
      at __awaiter (src/lib/treatment-exchange.ts:12:12)
      at Function.acceptExchangeRequest (src/lib/treatment-exchange.ts:433:16)
      at src/lib/__tests__/treatment-exchange.test.ts:813:34
      at src/lib/__tests__/treatment-exchange.test.ts:11:71
      at __awaiter (src/lib/__tests__/treatment-exchange.test.ts:7:12)
      at Object.<anonymous> (src/lib/__tests__/treatment-exchange.test.ts:796:74)
      at Object.toThrow (../node_modules/expect/build/index.js:2155:20)
      at src/lib/__tests__/treatment-exchange.test.ts:814:17
      at src/lib/__tests__/treatment-exchange.test.ts:11:71
      at __awaiter (src/lib/__tests__/treatment-exchange.test.ts:7:12)
      at Object.<anonymous> (src/lib/__tests__/treatment-exchange.test.ts:796:74)

  ÔùÅ TreatmentExchangeService ÔÇ║ acceptExchangeRequest - Additional Cases ÔÇ║ should successfully accept request 
with valid slot hold

    TypeError: client_1.supabase.from(...).select(...).eq is not a function

      505 |         .from('treatment_exchange_requests')
      506 |         .select('id, status, expires_at, accepted_at, declined_at')
    > 507 |         .eq('id', requestId)
          |          ^
      508 |         .eq('recipient_id', recipientId)
      509 |         .maybeSingle();
      510 |

      at Function.<anonymous> (src/lib/treatment-exchange.ts:507:10)
      at src/lib/treatment-exchange.ts:16:71
      at __awaiter (src/lib/treatment-exchange.ts:12:12)
      at Function.acceptExchangeRequest (src/lib/treatment-exchange.ts:433:16)
      at src/lib/__tests__/treatment-exchange.test.ts:941:53
      at src/lib/__tests__/treatment-exchange.test.ts:11:71
      at __awaiter (src/lib/__tests__/treatment-exchange.test.ts:7:12)
      at Object.<anonymous> (src/lib/__tests__/treatment-exchange.test.ts:817:78)

  ÔùÅ TreatmentExchangeService ÔÇ║ Slot Hold Management ÔÇ║ should create slot hold on request

    Invalid ID format. Please refresh the page and try again.

      239 |       if (requesterId.length < 30 || recipientId.length < 30) {
      240 |         console.error('Invalid UUID format:', { requesterId, recipientId });
    > 241 |         throw new Error('Invalid ID format. Please refresh the page and try again.');
          |               ^
      242 |       }
      243 |       
      244 |       // Get actual credit cost from backend RPC function for accurate calculation

      at Function.<anonymous> (src/lib/treatment-exchange.ts:241:15)
      at src/lib/treatment-exchange.ts:16:71
      at __awaiter (src/lib/treatment-exchange.ts:12:12)
      at Function.sendExchangeRequest (src/lib/treatment-exchange.ts:203:16)
      at src/lib/__tests__/treatment-exchange.test.ts:1076:53
      at fulfilled (src/lib/__tests__/treatment-exchange.test.ts:8:58)

FAIL src/lib/__tests__/notification-system.test.ts
  ÔùÅ Test suite failed to run

    TypeError: Cannot redefine property: location
        at Function.defineProperty (<anonymous>)

      13 |
      14 | // Mock window.location
    > 15 | Object.defineProperty(window, 'location', {
         |        ^
      16 |   value: {
      17 |     origin: 'https://theramate.co.uk',
      18 |   },

      at Object.<anonymous> (src/lib/__tests__/notification-system.test.ts:15:8)


Test Suites: 25 failed, 2 skipped, 15 passed, 40 of 42 total
Tests:       36 failed, 13 skipped, 221 passed, 270 total
Snapshots:   0 total
Time:        3.259 s
Ran all test suites.
npm error Lifecycle script `test:unit` failed with error:
npm error code 1
npm error path C:\Users\rayma\Desktop\New folder\peer-care-connect
npm error workspace theramate@0.0.0
npm error location C:\Users\rayma\Desktop\New folder\peer-care-connect
npm error command failed
npm error command C:\WINDOWS\system32\cmd.exe /d /s /c jest --config jest.config.cjs --passWithNoTests
